Archive member included because of file (symbol)

c:/program files (x86)/gnu tools arm embedded/4.9 2015q1/bin/../lib/gcc/arm-none-eabi/4.9.3/armv7e-m\libgcc.a(_arm_addsubdf3.o)
                              ..\obj\tm_stm32f4_fatfs.o (__aeabi_ui2d)
c:/program files (x86)/gnu tools arm embedded/4.9 2015q1/bin/../lib/gcc/arm-none-eabi/4.9.3/armv7e-m\libgcc.a(_arm_muldivdf3.o)
                              ..\obj\tm_stm32f4_fatfs.o (__aeabi_dmul)
c:/program files (x86)/gnu tools arm embedded/4.9 2015q1/bin/../lib/gcc/arm-none-eabi/4.9.3/armv7e-m\libgcc.a(_arm_cmpdf2.o)
                              ..\obj\tm_stm32f4_timer_properties.o (__aeabi_dcmpeq)
c:/program files (x86)/gnu tools arm embedded/4.9 2015q1/bin/../lib/gcc/arm-none-eabi/4.9.3/armv7e-m\libgcc.a(_arm_fixunsdfsi.o)
                              ..\obj\tm_stm32f4_fatfs.o (__aeabi_d2uiz)
c:/program files (x86)/gnu tools arm embedded/4.9 2015q1/bin/../lib/gcc/arm-none-eabi/4.9.3/../../../../arm-none-eabi/lib/armv7e-m\libg.a(lib_a-malloc.o)
                              ..\obj\tm_stm32f4_fatfs.o (malloc)
c:/program files (x86)/gnu tools arm embedded/4.9 2015q1/bin/../lib/gcc/arm-none-eabi/4.9.3/../../../../arm-none-eabi/lib/armv7e-m\libg.a(lib_a-mallocr.o)
                              c:/program files (x86)/gnu tools arm embedded/4.9 2015q1/bin/../lib/gcc/arm-none-eabi/4.9.3/../../../../arm-none-eabi/lib/armv7e-m\libg.a(lib_a-malloc.o) (_malloc_r)
c:/program files (x86)/gnu tools arm embedded/4.9 2015q1/bin/../lib/gcc/arm-none-eabi/4.9.3/../../../../arm-none-eabi/lib/armv7e-m\libg.a(lib_a-memcpy.o)
                              ..\obj\fatfs_sd_sdio.o (memcpy)
c:/program files (x86)/gnu tools arm embedded/4.9 2015q1/bin/../lib/gcc/arm-none-eabi/4.9.3/../../../../arm-none-eabi/lib/armv7e-m\libg.a(lib_a-memset.o)
                              ..\obj\fatfs_sd_sdio.o (memset)
c:/program files (x86)/gnu tools arm embedded/4.9 2015q1/bin/../lib/gcc/arm-none-eabi/4.9.3/../../../../arm-none-eabi/lib/armv7e-m\libg.a(lib_a-mlock.o)
                              c:/program files (x86)/gnu tools arm embedded/4.9 2015q1/bin/../lib/gcc/arm-none-eabi/4.9.3/../../../../arm-none-eabi/lib/armv7e-m\libg.a(lib_a-mallocr.o) (__malloc_lock)
c:/program files (x86)/gnu tools arm embedded/4.9 2015q1/bin/../lib/gcc/arm-none-eabi/4.9.3/../../../../arm-none-eabi/lib/armv7e-m\libg.a(lib_a-sbrkr.o)
                              c:/program files (x86)/gnu tools arm embedded/4.9 2015q1/bin/../lib/gcc/arm-none-eabi/4.9.3/../../../../arm-none-eabi/lib/armv7e-m\libg.a(lib_a-mallocr.o) (_sbrk_r)
c:/program files (x86)/gnu tools arm embedded/4.9 2015q1/bin/../lib/gcc/arm-none-eabi/4.9.3/../../../../arm-none-eabi/lib/armv7e-m\libg.a(lib_a-sprintf.o)
                              ..\obj\tm_stm32f4_fatfs.o (sprintf)
c:/program files (x86)/gnu tools arm embedded/4.9 2015q1/bin/../lib/gcc/arm-none-eabi/4.9.3/../../../../arm-none-eabi/lib/armv7e-m\libg.a(lib_a-strcpy.o)
                              ..\obj\tm_stm32f4_fatfs.o (strcpy)
c:/program files (x86)/gnu tools arm embedded/4.9 2015q1/bin/../lib/gcc/arm-none-eabi/4.9.3/../../../../arm-none-eabi/lib/armv7e-m\libg.a(lib_a-strlen.o)
                              ..\obj\tm_stm32f4_fatfs.o (strlen)
c:/program files (x86)/gnu tools arm embedded/4.9 2015q1/bin/../lib/gcc/arm-none-eabi/4.9.3/../../../../arm-none-eabi/lib/armv7e-m\libg.a(lib_a-svfprintf.o)
                              c:/program files (x86)/gnu tools arm embedded/4.9 2015q1/bin/../lib/gcc/arm-none-eabi/4.9.3/../../../../arm-none-eabi/lib/armv7e-m\libg.a(lib_a-sprintf.o) (_svfprintf_r)
c:/program files (x86)/gnu tools arm embedded/4.9 2015q1/bin/../lib/gcc/arm-none-eabi/4.9.3/../../../../arm-none-eabi/lib/armv7e-m\libg.a(lib_a-dtoa.o)
                              c:/program files (x86)/gnu tools arm embedded/4.9 2015q1/bin/../lib/gcc/arm-none-eabi/4.9.3/../../../../arm-none-eabi/lib/armv7e-m\libg.a(lib_a-svfprintf.o) (_dtoa_r)
c:/program files (x86)/gnu tools arm embedded/4.9 2015q1/bin/../lib/gcc/arm-none-eabi/4.9.3/../../../../arm-none-eabi/lib/armv7e-m\libg.a(lib_a-freer.o)
                              c:/program files (x86)/gnu tools arm embedded/4.9 2015q1/bin/../lib/gcc/arm-none-eabi/4.9.3/../../../../arm-none-eabi/lib/armv7e-m\libg.a(lib_a-malloc.o) (_free_r)
c:/program files (x86)/gnu tools arm embedded/4.9 2015q1/bin/../lib/gcc/arm-none-eabi/4.9.3/../../../../arm-none-eabi/lib/armv7e-m\libg.a(lib_a-impure.o)
                              c:/program files (x86)/gnu tools arm embedded/4.9 2015q1/bin/../lib/gcc/arm-none-eabi/4.9.3/../../../../arm-none-eabi/lib/armv7e-m\libg.a(lib_a-malloc.o) (_impure_ptr)
c:/program files (x86)/gnu tools arm embedded/4.9 2015q1/bin/../lib/gcc/arm-none-eabi/4.9.3/../../../../arm-none-eabi/lib/armv7e-m\libg.a(lib_a-locale.o)
                              c:/program files (x86)/gnu tools arm embedded/4.9 2015q1/bin/../lib/gcc/arm-none-eabi/4.9.3/../../../../arm-none-eabi/lib/armv7e-m\libg.a(lib_a-svfprintf.o) (_localeconv_r)
[...]
Memory Configuration

Name             Origin             Length             Attributes
rom              0x08000000         0x00100000         xr
ram              0x20000000         0x00020000         xrw
ram1             0x10000000         0x00010000         xrw
*default*        0x00000000         0xffffffff

Linker script and memory map

                0x20020000                _eram = 0x20020000

.text           0x08000000     0x7b5c
 *(.isr_vector)
 .isr_vector    0x08000000      0x188 ..\obj\startup_stm32f4xx.o
                0x08000000                g_pfnVectors
 *(.text*)
 .text.TM_FATFS_DriveSize
                0x08000188       0x60 ..\obj\tm_stm32f4_fatfs.o
                0x08000188                TM_FATFS_DriveSize
 .text.TM_FATFS_CheckCardDetectPin
                0x080001e8       0x18 ..\obj\tm_stm32f4_fatfs.o
                0x080001e8                TM_FATFS_CheckCardDetectPin
 .text.ff_convert
                0x08000200       0x74 ..\obj\unicode.o
                0x08000200                ff_convert
 .text.ff_wtoupper
                0x08000274       0x5c ..\obj\unicode.o
                0x08000274                ff_wtoupper
 .text.SYSCFG_EXTILineConfig
                0x080002d0       0x84 ..\obj\stm32f4xx_syscfg.o
                0x080002d0                SYSCFG_EXTILineConfig
 .text.SDIO_DeInit
                0x08000354       0x1c ..\obj\stm32f4xx_sdio.o
                0x08000354                SDIO_DeInit
 .text.SDIO_Init
                0x08000370       0x5c ..\obj\stm32f4xx_sdio.o
                0x08000370                SDIO_Init
 .text.SDIO_ClockCmd
                0x080003cc       0x20 ..\obj\stm32f4xx_sdio.o
                0x080003cc                SDIO_ClockCmd
 .text.SDIO_SetPowerState
                0x080003ec       0x1c ..\obj\stm32f4xx_sdio.o
                0x080003ec                SDIO_SetPowerState
 .text.SDIO_GetPowerState
                0x08000408       0x1c ..\obj\stm32f4xx_sdio.o
                0x08000408                SDIO_GetPowerState
 .text.SDIO_SendCommand
                0x08000424       0x58 ..\obj\stm32f4xx_sdio.o
                0x08000424                SDIO_SendCommand
 .text.SDIO_GetCommandResponse
                0x0800047c       0x18 ..\obj\stm32f4xx_sdio.o
                0x0800047c                SDIO_GetCommandResponse
 .text.SDIO_GetResponse
                0x08000494       0x28 ..\obj\stm32f4xx_sdio.o
                0x08000494                SDIO_GetResponse
 .text.SDIO_DataConfig
                0x080004bc       0x5c ..\obj\stm32f4xx_sdio.o
                0x080004bc                SDIO_DataConfig
 .text.SDIO_ReadData
                0x08000518       0x18 ..\obj\stm32f4xx_sdio.o
                0x08000518                SDIO_ReadData
 .text.SDIO_DMACmd
                0x08000530       0x20 ..\obj\stm32f4xx_sdio.o
                0x08000530                SDIO_DMACmd
 .text.SDIO_GetFlagStatus
                0x08000550       0x34 ..\obj\stm32f4xx_sdio.o
                0x08000550                SDIO_GetFlagStatus
 .text.SDIO_GetITStatus
                0x08000584       0x34 ..\obj\stm32f4xx_sdio.o
                0x08000584                SDIO_GetITStatus
 .text.SDIO_ClearITPendingBit
                0x080005b8       0x1c ..\obj\stm32f4xx_sdio.o
                0x080005b8                SDIO_ClearITPendingBit
 .text.USART_Init
                0x080005d4      0x178 ..\obj\stm32f4xx_usart.o
                0x080005d4                USART_Init
 .text.USART_Cmd
                0x0800074c       0x40 ..\obj\stm32f4xx_usart.o
                0x0800074c                USART_Cmd
 .text.USART_SendData
                0x0800078c       0x24 ..\obj\stm32f4xx_usart.o
                0x0800078c                USART_SendData
 .text.USART_ReceiveData
                0x080007b0       0x20 ..\obj\stm32f4xx_usart.o
                0x080007b0                USART_ReceiveData
 .text.USART_ITConfig
                0x080007d0       0x90 ..\obj\stm32f4xx_usart.o
                0x080007d0                USART_ITConfig
 .text.USART_GetFlagStatus
                0x08000860       0x38 ..\obj\stm32f4xx_usart.o
                0x08000860                USART_GetFlagStatus
 .text.USART_ClearITPendingBit
                0x08000898       0x38 ..\obj\stm32f4xx_usart.o
                0x08000898                USART_ClearITPendingBit
 .text.disk_initialize
                0x080008d0       0x44 ..\obj\diskio.o
                0x080008d0                disk_initialize
 .text.disk_status
                0x08000914       0x44 ..\obj\diskio.o
                0x08000914                disk_status
 .text.disk_read
                0x08000958       0x5c ..\obj\diskio.o
                0x08000958                disk_read
 .text.disk_write
                0x080009b4       0x5c ..\obj\diskio.o
                0x080009b4                disk_write
 .text.disk_ioctl
                0x08000a10       0x54 ..\obj\diskio.o
                0x08000a10                disk_ioctl
 .text.get_fattime
                0x08000a64       0x14 ..\obj\diskio.o
                0x08000a64                get_fattime
 .text.TM_FATFS_USB_disk_initialize
                0x08000a78       0x10 ..\obj\diskio.o
                0x08000a78                TM_FATFS_USB_disk_initialize
 .text.TM_FATFS_SDRAM_disk_initialize
                0x08000a88       0x10 ..\obj\diskio.o
                0x08000a88                TM_FATFS_SDRAM_disk_initialize
 .text.TM_FATFS_SPI_FLASH_disk_initialize
                0x08000a98       0x10 ..\obj\diskio.o
                0x08000a98                TM_FATFS_SPI_FLASH_disk_initialize
 .text.TM_FATFS_USB_disk_status
                0x08000aa8       0x10 ..\obj\diskio.o
                0x08000aa8                TM_FATFS_USB_disk_status
 .text.TM_FATFS_SDRAM_disk_status
                0x08000ab8       0x10 ..\obj\diskio.o
                0x08000ab8                TM_FATFS_SDRAM_disk_status
 .text.TM_FATFS_SPI_FLASH_disk_status
                0x08000ac8       0x10 ..\obj\diskio.o
                0x08000ac8                TM_FATFS_SPI_FLASH_disk_status
 .text.TM_FATFS_USB_disk_ioctl
                0x08000ad8       0x1c ..\obj\diskio.o
                0x08000ad8                TM_FATFS_USB_disk_ioctl
 .text.TM_FATFS_SDRAM_disk_ioctl
                0x08000af4       0x1c ..\obj\diskio.o
                0x08000af4                TM_FATFS_SDRAM_disk_ioctl
 .text.TM_FATFS_SPI_FLASH_disk_ioctl
                0x08000b10       0x1c ..\obj\diskio.o
                0x08000b10                TM_FATFS_SPI_FLASH_disk_ioctl
 .text.TM_FATFS_USB_disk_read
                0x08000b2c       0x1c ..\obj\diskio.o
                0x08000b2c                TM_FATFS_USB_disk_read
 .text.TM_FATFS_SDRAM_disk_read
                0x08000b48       0x1c ..\obj\diskio.o
                0x08000b48                TM_FATFS_SDRAM_disk_read
 .text.TM_FATFS_SPI_FLASH_disk_read
                0x08000b64       0x1c ..\obj\diskio.o
                0x08000b64                TM_FATFS_SPI_FLASH_disk_read
 .text.TM_FATFS_USB_disk_write
                0x08000b80       0x1c ..\obj\diskio.o
                0x08000b80                TM_FATFS_USB_disk_write
 .text.TM_FATFS_SDRAM_disk_write
                0x08000b9c       0x1c ..\obj\diskio.o
                0x08000b9c                TM_FATFS_SDRAM_disk_write
 .text.TM_FATFS_SPI_FLASH_disk_write
                0x08000bb8       0x1c ..\obj\diskio.o
                0x08000bb8                TM_FATFS_SPI_FLASH_disk_write
 .text.Default_Reset_Handler
                0x08000bd4       0x58 ..\obj\startup_stm32f4xx.o
                0x08000bd4                Default_Reset_Handler
                0x08000bd4                Reset_Handler
 .text.Default_Handler
                0x08000c2c        0x8 ..\obj\startup_stm32f4xx.o
                0x08000c2c                RTC_Alarm_IRQHandler
                0x08000c2c                HASH_RNG_IRQHandler
                0x08000c2c                EXTI2_IRQHandler
                0x08000c2c                TIM8_CC_IRQHandler
                0x08000c2c                DebugMon_Handler
                0x08000c2c                TIM1_CC_IRQHandler
                0x08000c2c                DMA2_Stream5_IRQHandler
                0x08000c2c                HardFault_Handler
                0x08000c2c                DMA1_Stream5_IRQHandler
                0x08000c2c                PVD_IRQHandler
                0x08000c2c                TAMP_STAMP_IRQHandler
                0x08000c2c                PendSV_Handler
                0x08000c2c                NMI_Handler
                0x08000c2c                CAN2_RX1_IRQHandler
                0x08000c2c                EXTI3_IRQHandler
                0x08000c2c                TIM8_TRG_COM_TIM14_IRQHandler
                0x08000c2c                TIM1_UP_TIM10_IRQHandler
                0x08000c2c                TIM8_UP_TIM13_IRQHandler
                0x08000c2c                I2C3_ER_IRQHandler
                0x08000c2c                I2C2_EV_IRQHandler
                0x08000c2c                DMA1_Stream2_IRQHandler
                0x08000c2c                CAN1_RX0_IRQHandler
                0x08000c2c                FPU_IRQHandler
                0x08000c2c                OTG_HS_WKUP_IRQHandler
                0x08000c2c                UsageFault_Handler
                0x08000c2c                CAN2_SCE_IRQHandler
                0x08000c2c                DMA2_Stream2_IRQHandler
                0x08000c2c                SPI1_IRQHandler
                0x08000c2c                TIM6_DAC_IRQHandler
                0x08000c2c                TIM1_BRK_TIM9_IRQHandler
                0x08000c2c                DCMI_IRQHandler
                0x08000c2c                CAN2_RX0_IRQHandler
                0x08000c2c                USART3_IRQHandler
                0x08000c2c                CRYP_IRQHandler
                0x08000c2c                CAN1_RX1_IRQHandler
                0x08000c2c                UART5_IRQHandler
                0x08000c2c                DMA2_Stream0_IRQHandler
                0x08000c2c                TIM4_IRQHandler
                0x08000c2c                I2C1_EV_IRQHandler
                0x08000c2c                DMA1_Stream6_IRQHandler
                0x08000c2c                DMA1_Stream1_IRQHandler
                0x08000c2c                TIM3_IRQHandler
                0x08000c2c                RCC_IRQHandler
                0x08000c2c                TIM8_BRK_TIM12_IRQHandler
                0x08000c2c                EXTI15_10_IRQHandler
                0x08000c2c                ADC_IRQHandler
                0x08000c2c                DMA1_Stream7_IRQHandler
                0x08000c2c                TIM7_IRQHandler
                0x08000c2c                CAN2_TX_IRQHandler
                0x08000c2c                TIM5_IRQHandler
                0x08000c2c                DMA2_Stream7_IRQHandler
                0x08000c2c                I2C3_EV_IRQHandler
                0x08000c2c                EXTI9_5_IRQHandler
                0x08000c2c                RTC_WKUP_IRQHandler
                0x08000c2c                ETH_WKUP_IRQHandler
                0x08000c2c                SPI2_IRQHandler
                0x08000c2c                OTG_HS_EP1_IN_IRQHandler
                0x08000c2c                MemManage_Handler
                0x08000c2c                DMA1_Stream0_IRQHandler
                0x08000c2c                CAN1_TX_IRQHandler
                0x08000c2c                SVC_Handler
                0x08000c2c                EXTI4_IRQHandler
                0x08000c2c                FSMC_IRQHandler
                0x08000c2c                ETH_IRQHandler
                0x08000c2c                OTG_HS_EP1_OUT_IRQHandler
                0x08000c2c                WWDG_IRQHandler
                0x08000c2c                TIM2_IRQHandler
                0x08000c2c                OTG_FS_WKUP_IRQHandler
                0x08000c2c                TIM1_TRG_COM_TIM11_IRQHandler
                0x08000c2c                OTG_HS_IRQHandler
                0x08000c2c                EXTI1_IRQHandler
                0x08000c2c                USART2_IRQHandler
                0x08000c2c                I2C2_ER_IRQHandler
                0x08000c2c                DMA2_Stream1_IRQHandler
                0x08000c2c                CAN1_SCE_IRQHandler
                0x08000c2c                FLASH_IRQHandler
                0x08000c2c                DMA2_Stream4_IRQHandler
                0x08000c2c                BusFault_Handler
                0x08000c2c                OTG_FS_IRQHandler
                0x08000c2c                SPI3_IRQHandler
                0x08000c2c                DMA1_Stream4_IRQHandler
                0x08000c2c                I2C1_ER_IRQHandler
                0x08000c2c                DMA2_Stream6_IRQHandler
                0x08000c2c                DMA1_Stream3_IRQHandler
 .text.EXTI0_IRQHandler
                0x08000c34       0x18 ..\obj\main.o
                0x08000c34                EXTI0_IRQHandler
 .text.UART4_IRQHandler
                0x08000c4c       0x44 ..\obj\main.o
                0x08000c4c                UART4_IRQHandler
 .text.USART1_IRQHandler
                0x08000c90       0x44 ..\obj\main.o
                0x08000c90                USART1_IRQHandler
 .text.USART6_IRQHandler
                0x08000cd4       0x44 ..\obj\main.o
                0x08000cd4                USART6_IRQHandler
 .text.light_leds
                0x08000d18       0x14 ..\obj\main.o
                0x08000d18                light_leds
 .text.test_sd  0x08000d2c       0x9c ..\obj\main.o
                0x08000d2c                test_sd
 .text.main     0x08000dc8       0x50 ..\obj\main.o
                0x08000dc8                main
 .text.RCC_GetClocksFreq
                0x08000e18      0x154 ..\obj\stm32f4xx_rcc.o
                0x08000e18                RCC_GetClocksFreq
 .text.RCC_AHB1PeriphClockCmd
                0x08000f6c       0x3c ..\obj\stm32f4xx_rcc.o
                0x08000f6c                RCC_AHB1PeriphClockCmd
 .text.RCC_APB1PeriphClockCmd
                0x08000fa8       0x3c ..\obj\stm32f4xx_rcc.o
                0x08000fa8                RCC_APB1PeriphClockCmd
 .text.RCC_APB2PeriphClockCmd
                0x08000fe4       0x3c ..\obj\stm32f4xx_rcc.o
                0x08000fe4                RCC_APB2PeriphClockCmd
 .text.RCC_APB2PeriphResetCmd
                0x08001020       0x3c ..\obj\stm32f4xx_rcc.o
                0x08001020                RCC_APB2PeriphResetCmd
 .text.NVIC_EnableIRQ
                0x0800105c       0x30 ..\obj\NVIC.o
 .text.initNVIC
                0x0800108c       0x2c ..\obj\NVIC.o
                0x0800108c                initNVIC
 .text.initSynchroInterrupt
                0x080010b8       0x2c ..\obj\NVIC.o
                0x080010b8                initSynchroInterrupt
 .text.initPCUARTInterrupt
                0x080010e4       0x2c ..\obj\NVIC.o
                0x080010e4                initPCUARTInterrupt
 .text.initEncoderUARTInterrupt
                0x08001110       0x2c ..\obj\NVIC.o
                0x08001110                initEncoderUARTInterrupt
 .text.initDroneUARTInterrupt
                0x0800113c       0x2c ..\obj\NVIC.o
                0x0800113c                initDroneUARTInterrupt
 .text.enableNVIC
                0x08001168       0x20 ..\obj\NVIC.o
                0x08001168                enableNVIC
 .text.initGPIO
                0x08001188       0x28 ..\obj\GPIO.o
                0x08001188                initGPIO
 .text.initPortA
                0x080011b0       0x88 ..\obj\GPIO.o
                0x080011b0                initPortA
 .text.initPortB
                0x08001238       0x40 ..\obj\GPIO.o
                0x08001238                initPortB
 .text.initPortC
                0x08001278       0x7c ..\obj\GPIO.o
                0x08001278                initPortC
 .text.initPortE
                0x080012f4       0x44 ..\obj\GPIO.o
                0x080012f4                initPortE
 .text.NVIC_SetPriority
                0x08001338       0x54 ..\obj\tm_stm32f4_delay.o
 .text.SysTick_Config
                0x0800138c       0x44 ..\obj\tm_stm32f4_delay.o
 .text.SysTick_Handler
                0x080013d0       0xf0 ..\obj\tm_stm32f4_delay.o
                0x080013d0                SysTick_Handler
 .text.TM_DELAY_Init
                0x080014c0       0x4c ..\obj\tm_stm32f4_delay.o
                0x080014c0                TM_DELAY_Init
 .text.ff_memalloc
                0x0800150c       0x18 ..\obj\syscall.o
                0x0800150c                ff_memalloc
 .text.ff_memfree
                0x08001524       0x14 ..\obj\syscall.o
                0x08001524                ff_memfree
 .text.TM_FATFS_SDIO_WriteEnabled
                0x08001538       0x10 ..\obj\fatfs_sd_sdio.o
                0x08001538                TM_FATFS_SDIO_WriteEnabled
 .text.TM_FATFS_SD_SDIO_disk_initialize
                0x08001548       0xa8 ..\obj\fatfs_sd_sdio.o
                0x08001548                TM_FATFS_SD_SDIO_disk_initialize
 .text.TM_FATFS_SD_SDIO_disk_status
                0x080015f0       0x4c ..\obj\fatfs_sd_sdio.o
                0x080015f0                TM_FATFS_SD_SDIO_disk_status
 .text.TM_FATFS_SD_SDIO_disk_read
                0x0800163c      0x120 ..\obj\fatfs_sd_sdio.o
                0x0800163c                TM_FATFS_SD_SDIO_disk_read
 .text.TM_FATFS_SD_SDIO_disk_write
                0x0800175c      0x128 ..\obj\fatfs_sd_sdio.o
                0x0800175c                TM_FATFS_SD_SDIO_disk_write
 .text.TM_FATFS_SD_SDIO_disk_ioctl
                0x08001884       0x4c ..\obj\fatfs_sd_sdio.o
                0x08001884                TM_FATFS_SD_SDIO_disk_ioctl
 .text.SDIO_IRQHandler
                0x080018d0        0xc ..\obj\fatfs_sd_sdio.o
                0x080018d0                SDIO_IRQHandler
 .text.DMA2_Stream3_IRQHandler
                0x080018dc        0xc ..\obj\fatfs_sd_sdio.o
                0x080018dc                DMA2_Stream3_IRQHandler
 .text.SD_Init  0x080018e8       0xbc ..\obj\fatfs_sd_sdio.o
                0x080018e8                SD_Init
 .text.SD_GetStatus
                0x080019a4       0x30 ..\obj\fatfs_sd_sdio.o
                0x080019a4                SD_GetStatus
 .text.SD_GetState
                0x080019d4       0x40 ..\obj\fatfs_sd_sdio.o
                0x080019d4                SD_GetState
 .text.SD_Detect
                0x08001a14       0x24 ..\obj\fatfs_sd_sdio.o
                0x08001a14                SD_Detect
 .text.SD_PowerON
                0x08001a38      0x22c ..\obj\fatfs_sd_sdio.o
                0x08001a38                SD_PowerON
 .text.SD_InitializeCards
                0x08001c64      0x188 ..\obj\fatfs_sd_sdio.o
                0x08001c64                SD_InitializeCards
 .text.SD_GetCardInfo
                0x08001dec      0x5b8 ..\obj\fatfs_sd_sdio.o
                0x08001dec                SD_GetCardInfo
 .text.SD_EnableWideBusOperation
                0x080023a4       0xd8 ..\obj\fatfs_sd_sdio.o
                0x080023a4                SD_EnableWideBusOperation
 .text.SD_SelectDeselect
                0x0800247c       0x4c ..\obj\fatfs_sd_sdio.o
                0x0800247c                SD_SelectDeselect
 .text.SD_ReadMultiBlocks
                0x080024c8      0x138 ..\obj\fatfs_sd_sdio.o
                0x080024c8                SD_ReadMultiBlocks
 .text.SD_WaitReadOperation
                0x08002600       0xbc ..\obj\fatfs_sd_sdio.o
                0x08002600                SD_WaitReadOperation
 .text.SD_WriteMultiBlocks
                0x080026bc      0x1b4 ..\obj\fatfs_sd_sdio.o
                0x080026bc                SD_WriteMultiBlocks
 .text.SD_WaitWriteOperation
                0x08002870       0xbc ..\obj\fatfs_sd_sdio.o
                0x08002870                SD_WaitWriteOperation
 .text.SD_StopTransfer
                0x0800292c       0x48 ..\obj\fatfs_sd_sdio.o
                0x0800292c                SD_StopTransfer
 .text.SD_SendStatus
                0x08002974       0x78 ..\obj\fatfs_sd_sdio.o
                0x08002974                SD_SendStatus
 .text.SD_ProcessIRQSrc
                0x080029ec       0xd4 ..\obj\fatfs_sd_sdio.o
                0x080029ec                SD_ProcessIRQSrc
 .text.SD_ProcessDMAIRQ
                0x08002ac0       0x30 ..\obj\fatfs_sd_sdio.o
                0x08002ac0                SD_ProcessDMAIRQ
 .text.CmdError
                0x08002af0       0x50 ..\obj\fatfs_sd_sdio.o
 .text.CmdResp7Error
                0x08002b40       0x7c ..\obj\fatfs_sd_sdio.o
 .text.CmdResp1Error
                0x08002bbc      0x1a4 ..\obj\fatfs_sd_sdio.o
 .text.CmdResp3Error
                0x08002d60       0x54 ..\obj\fatfs_sd_sdio.o
 .text.CmdResp2Error
                0x08002db4       0x6c ..\obj\fatfs_sd_sdio.o
 .text.CmdResp6Error
                0x08002e20       0xd0 ..\obj\fatfs_sd_sdio.o
 .text.SDEnWideBus
                0x08002ef0      0x180 ..\obj\fatfs_sd_sdio.o
 .text.FindSCR  0x08003070      0x204 ..\obj\fatfs_sd_sdio.o
 .text.SD_LowLevel_DeInit
                0x08003274       0x58 ..\obj\fatfs_sd_sdio.o
                0x08003274                SD_LowLevel_DeInit
 .text.SD_LowLevel_Init
                0x080032cc       0x58 ..\obj\fatfs_sd_sdio.o
                0x080032cc                SD_LowLevel_Init
 .text.SD_LowLevel_DMA_TxConfig
                0x08003324       0x9c ..\obj\fatfs_sd_sdio.o
                0x08003324                SD_LowLevel_DMA_TxConfig
 .text.SD_LowLevel_DMA_RxConfig
                0x080033c0       0xa0 ..\obj\fatfs_sd_sdio.o
                0x080033c0                SD_LowLevel_DMA_RxConfig
 .text.initEXTI
                0x08003460       0x40 ..\obj\EXTI.o
                0x08003460                initEXTI
 .text.GPIO_Init
                0x080034a0      0x11c ..\obj\stm32f4xx_gpio.o
                0x080034a0                GPIO_Init
 .text.GPIO_SetBits
                0x080035bc       0x1c ..\obj\stm32f4xx_gpio.o
                0x080035bc                GPIO_SetBits
 .text.GPIO_PinAFConfig
                0x080035d8       0x90 ..\obj\stm32f4xx_gpio.o
                0x080035d8                GPIO_PinAFConfig
 .text.SystemInit
                0x08003668       0x58 ..\obj\system_stm32f4xx.o
                0x08003668                SystemInit
 .text.SetSysClock
                0x080036c0       0xf4 ..\obj\system_stm32f4xx.o
 .text._sbrk    0x080037b4       0x40 ..\obj\syscalls.o
                0x080037b4                _sbrk
 .text.DMA_DeInit
                0x080037f4      0x1a4 ..\obj\stm32f4xx_dma.o
                0x080037f4                DMA_DeInit
 .text.DMA_Init
                0x08003998       0xac ..\obj\stm32f4xx_dma.o
                0x08003998                DMA_Init
 .text.DMA_Cmd  0x08003a44       0x38 ..\obj\stm32f4xx_dma.o
                0x08003a44                DMA_Cmd
 .text.DMA_FlowControllerConfig
                0x08003a7c       0x34 ..\obj\stm32f4xx_dma.o
                0x08003a7c                DMA_FlowControllerConfig
 .text.DMA_ClearFlag
                0x08003ab0       0x5c ..\obj\stm32f4xx_dma.o
                0x08003ab0                DMA_ClearFlag
 .text.DMA_ITConfig
                0x08003b0c       0x74 ..\obj\stm32f4xx_dma.o
                0x08003b0c                DMA_ITConfig
 .text.mem_cpy  0x08003b80       0x3c ..\obj\ff.o
 .text.mem_set  0x08003bbc       0x34 ..\obj\ff.o
 .text.mem_cmp  0x08003bf0       0x50 ..\obj\ff.o
 .text.chk_chr  0x08003c40       0x38 ..\obj\ff.o
 .text.sync_window
                0x08003c78       0x8c ..\obj\ff.o
 .text.move_window
                0x08003d04       0x5c ..\obj\ff.o
 .text.sync_fs  0x08003d60      0x14c ..\obj\ff.o
 .text.clust2sect
                0x08003eac       0x40 ..\obj\ff.o
                0x08003eac                clust2sect
 .text.get_fat  0x08003eec      0x16c ..\obj\ff.o
                0x08003eec                get_fat
 .text.put_fat  0x08004058      0x208 ..\obj\ff.o
                0x08004058                put_fat
 .text.remove_chain
                0x08004260       0xa4 ..\obj\ff.o
 .text.create_chain
                0x08004304      0x12c ..\obj\ff.o
 .text.dir_sdi  0x08004430      0x100 ..\obj\ff.o
 .text.dir_next
                0x08004530      0x1a8 ..\obj\ff.o
 .text.dir_alloc
                0x080046d8       0x8c ..\obj\ff.o
 .text.ld_clust
                0x08004764       0x5c ..\obj\ff.o
 .text.st_clust
                0x080047c0       0x4c ..\obj\ff.o
 .text.cmp_lfn  0x0800480c       0xdc ..\obj\ff.o
 .text.fit_lfn  0x080048e8       0xe8 ..\obj\ff.o
 .text.gen_numname
                0x080049d0      0x11c ..\obj\ff.o
 .text.sum_sfn  0x08004aec       0x44 ..\obj\ff.o
 .text.dir_find
                0x08004b30      0x160 ..\obj\ff.o
 .text.dir_register
                0x08004c90      0x200 ..\obj\ff.o
 .text.create_name
                0x08004e90      0x3f4 ..\obj\ff.o
 .text.follow_path
                0x08005284      0x100 ..\obj\ff.o
 .text.get_ldnumber
                0x08005384      0x110 ..\obj\ff.o
 .text.check_fs
                0x08005494       0xc4 ..\obj\ff.o
 .text.find_volume
                0x08005558      0x56c ..\obj\ff.o
 .text.validate
                0x08005ac4       0x5c ..\obj\ff.o
 .text.f_mount  0x08005b20       0x88 ..\obj\ff.o
                0x08005b20                f_mount
 .text.f_open   0x08005ba8      0x2a4 ..\obj\ff.o
                0x08005ba8                f_open
 .text.f_write  0x08005e4c      0x2e0 ..\obj\ff.o
                0x08005e4c                f_write
 .text.f_sync   0x0800612c      0x158 ..\obj\ff.o
                0x0800612c                f_sync
 .text.f_close  0x08006284       0x38 ..\obj\ff.o
                0x08006284                f_close
 .text.f_getfree
                0x080062bc      0x188 ..\obj\ff.o
                0x080062bc                f_getfree
 .text.putc_bfd
                0x08006444       0x78 ..\obj\ff.o
 .text.f_puts   0x080064bc       0x78 ..\obj\ff.o
                0x080064bc                f_puts
 .text.EXTI_Init
                0x08006534       0xe4 ..\obj\stm32f4xx_exti.o
                0x08006534                EXTI_Init
 .text.EXTI_GetITStatus
                0x08006618       0x48 ..\obj\stm32f4xx_exti.o
                0x08006618                EXTI_GetITStatus
 .text.EXTI_ClearITPendingBit
                0x08006660       0x1c ..\obj\stm32f4xx_exti.o
                0x08006660                EXTI_ClearITPendingBit
 .text.NVIC_PriorityGroupConfig
                0x0800667c       0x24 ..\obj\misc.o
                0x0800667c                NVIC_PriorityGroupConfig
 .text.NVIC_Init
                0x080066a0       0xc0 ..\obj\misc.o
                0x080066a0                NVIC_Init
 .text.TM_GPIO_InitAlternate
                0x08006760       0xa8 ..\obj\tm_stm32f4_gpio.o
                0x08006760                TM_GPIO_InitAlternate
 .text.TM_GPIO_DeInit
                0x08006808       0x80 ..\obj\tm_stm32f4_gpio.o
                0x08006808                TM_GPIO_DeInit
 .text.TM_GPIO_SetPullResistor
                0x08006888       0x60 ..\obj\tm_stm32f4_gpio.o
                0x08006888                TM_GPIO_SetPullResistor
 .text.TM_GPIO_GetPortSource
                0x080068e8       0x24 ..\obj\tm_stm32f4_gpio.o
                0x080068e8                TM_GPIO_GetPortSource
 .text.TM_GPIO_INT_EnableClock
                0x0800690c       0x2c ..\obj\tm_stm32f4_gpio.o
                0x0800690c                TM_GPIO_INT_EnableClock
 .text.TM_GPIO_INT_Init
                0x08006938      0x10c ..\obj\tm_stm32f4_gpio.o
                0x08006938                TM_GPIO_INT_Init
 .text.initUSART
                0x08006a44       0x20 ..\obj\USART.o
                0x08006a44                initUSART
 .text.initPCUART
                0x08006a64       0x60 ..\obj\USART.o
                0x08006a64                initPCUART
 .text.initEncoderUSART
                0x08006ac4       0x5c ..\obj\USART.o
                0x08006ac4                initEncoderUSART
 .text.initDroneUSART
                0x08006b20       0x5c ..\obj\USART.o
                0x08006b20                initDroneUSART
 .text.USART_put
                0x08006b7c       0x44 ..\obj\USART.o
                0x08006b7c                USART_put
 .text.malloc   0x08006bc0       0x10 c:/program files (x86)/gnu tools arm embedded/4.9 2015q1/bin/../lib/gcc/arm-none-eabi/4.9.3/../../../../arm-none-eabi/lib/armv7e-m\libg.a(lib_a-malloc.o)
                0x08006bc0                malloc
 .text.free     0x08006bd0       0x10 c:/program files (x86)/gnu tools arm embedded/4.9 2015q1/bin/../lib/gcc/arm-none-eabi/4.9.3/../../../../arm-none-eabi/lib/armv7e-m\libg.a(lib_a-malloc.o)
                0x08006bd0                free
 .text._malloc_r
                0x08006be0      0x524 c:/program files (x86)/gnu tools arm embedded/4.9 2015q1/bin/../lib/gcc/arm-none-eabi/4.9.3/../../../../arm-none-eabi/lib/armv7e-m\libg.a(lib_a-mallocr.o)
                0x08006be0                _malloc_r
 .text          0x08007104      0x134 c:/program files (x86)/gnu tools arm embedded/4.9 2015q1/bin/../lib/gcc/arm-none-eabi/4.9.3/../../../../arm-none-eabi/lib/armv7e-m\libg.a(lib_a-memcpy.o)
                0x08007104                memcpy
 .text.__malloc_lock
                0x08007238        0x4 c:/program files (x86)/gnu tools arm embedded/4.9 2015q1/bin/../lib/gcc/arm-none-eabi/4.9.3/../../../../arm-none-eabi/lib/armv7e-m\libg.a(lib_a-mlock.o)
                0x08007238                __malloc_lock
 .text.__malloc_unlock
                0x0800723c        0x4 c:/program files (x86)/gnu tools arm embedded/4.9 2015q1/bin/../lib/gcc/arm-none-eabi/4.9.3/../../../../arm-none-eabi/lib/armv7e-m\libg.a(lib_a-mlock.o)
                0x0800723c                __malloc_unlock
 .text._sbrk_r  0x08007240       0x24 c:/program files (x86)/gnu tools arm embedded/4.9 2015q1/bin/../lib/gcc/arm-none-eabi/4.9.3/../../../../arm-none-eabi/lib/armv7e-m\libg.a(lib_a-sbrkr.o)
                0x08007240                _sbrk_r
 .text._malloc_trim_r
                0x08007264       0x9c c:/program files (x86)/gnu tools arm embedded/4.9 2015q1/bin/../lib/gcc/arm-none-eabi/4.9.3/../../../../arm-none-eabi/lib/armv7e-m\libg.a(lib_a-freer.o)
                0x08007264                _malloc_trim_r
 .text._free_r  0x08007300      0x1b0 c:/program files (x86)/gnu tools arm embedded/4.9 2015q1/bin/../lib/gcc/arm-none-eabi/4.9.3/../../../../arm-none-eabi/lib/armv7e-m\libg.a(lib_a-freer.o)
                0x08007300                _free_r
 *(.init)
 *(.fini)
 *crtbegin.o(.ctors)
 *crtbegin?.o(.ctors)
 *(EXCLUDE_FILE(*crtend.o *crtend?.o) .ctors)
 *(SORT(.ctors.*))
 *(.ctors)
 *crtbegin.o(.dtors)
 *crtbegin?.o(.dtors)
 *(EXCLUDE_FILE(*crtend.o *crtend?.o) .dtors)
 *(SORT(.dtors.*))
 *(.dtors)
 *(.rodata*)
 .rodata        0x080074b0        0xc ..\obj\tm_stm32f4_fatfs.o
 .rodata        0x080074bc      0x4c0 ..\obj\unicode.o
 .rodata        0x0800797c       0x5c ..\obj\main.o
 .rodata        0x080079d8      0x180 ..\obj\ff.o
 .rodata.str1.4
                0x08007b58        0x4 c:/program files (x86)/gnu tools arm embedded/4.9 2015q1/bin/../lib/gcc/arm-none-eabi/4.9.3/../../../../arm-none-eabi/lib/armv7e-m\libg.a(lib_a-impure.o)
 *(.eh_fram e*)

.glue_7         0x08007b5c        0x0
 .glue_7        0x00000000        0x0 linker stubs

.glue_7t        0x08007b5c        0x0
 .glue_7t       0x00000000        0x0 linker stubs

.vfp11_veneer   0x08007b5c        0x0
 .vfp11_veneer  0x00000000        0x0 linker stubs

.v4_bx          0x08007b5c        0x0
 .v4_bx         0x00000000        0x0 linker stubs

.iplt           0x08007b5c        0x0
 .iplt          0x00000000        0x0 ..\obj\tm_stm32f4_fatfs.o

.rel.dyn        0x08007b5c        0x0
 .rel.iplt      0x00000000        0x0 ..\obj\tm_stm32f4_fatfs.o

.ARM.extab
 *(.ARM.extab* .gnu.linkonce.armextab.*)
                0x08007b5c                __exidx_start = .

.ARM.exidx
 *(.ARM.exidx* .gnu.linkonce.armexidx.*)
                0x08007b5c                __exidx_end = .
                0x08007b5c                __etext = .
                0x08007b5c                _sidata = __etext

.data           0x20000000      0x91c load address 0x08007b5c
                0x20000000                __data_start__ = .
                0x20000000                _sdata = __data_start__
 *(vtable)
 *(.data*)
 .data          0x20000000       0xb4 ..\obj\diskio.o
                0x20000000                FATFS_LowLevelDrivers
 .data          0x200000b4       0x10 ..\obj\stm32f4xx_rcc.o
 .data          0x200000c4        0x1 ..\obj\fatfs_sd_sdio.o
 *fill*         0x200000c5        0x3 
 .data          0x200000c8       0x14 ..\obj\system_stm32f4xx.o
                0x200000c8                SystemCoreClock
                0x200000cc                AHBPrescTable
 .data.__malloc_av_
                0x200000dc      0x408 c:/program files (x86)/gnu tools arm embedded/4.9 2015q1/bin/../lib/gcc/arm-none-eabi/4.9.3/../../../../arm-none-eabi/lib/armv7e-m\libg.a(lib_a-mallocr.o)
                0x200000dc                __malloc_av_
 .data.__malloc_trim_threshold
                0x200004e4        0x4 c:/program files (x86)/gnu tools arm embedded/4.9 2015q1/bin/../lib/gcc/arm-none-eabi/4.9.3/../../../../arm-none-eabi/lib/armv7e-m\libg.a(lib_a-mallocr.o)
                0x200004e4                __malloc_trim_threshold
 .data.__malloc_sbrk_base
                0x200004e8        0x4 c:/program files (x86)/gnu tools arm embedded/4.9 2015q1/bin/../lib/gcc/arm-none-eabi/4.9.3/../../../../arm-none-eabi/lib/armv7e-m\libg.a(lib_a-mallocr.o)
                0x200004e8                __malloc_sbrk_base
 *fill*         0x200004ec        0x4 
 .data.impure_data
                0x200004f0      0x428 c:/program files (x86)/gnu tools arm embedded/4.9 2015q1/bin/../lib/gcc/arm-none-eabi/4.9.3/../../../../arm-none-eabi/lib/armv7e-m\libg.a(lib_a-impure.o)
 .data._impure_ptr
                0x20000918        0x4 c:/program files (x86)/gnu tools arm embedded/4.9 2015q1/bin/../lib/gcc/arm-none-eabi/4.9.3/../../../../arm-none-eabi/lib/armv7e-m\libg.a(lib_a-impure.o)
                0x20000918                _impure_ptr
                0x2000091c                . = ALIGN (0x4)
                0x2000091c                PROVIDE (__preinit_array_start, .)
 *(.preinit_array)
                0x2000091c                PROVIDE (__preinit_array_end, .)
                0x2000091c                . = ALIGN (0x4)
                0x2000091c                PROVIDE (__init_array_start, .)
 *(SORT(.init_array.*))
 *(.init_array)
                0x2000091c                PROVIDE (__init_array_end, .)
                0x2000091c                . = ALIGN (0x4)
                0x2000091c                PROVIDE (__fini_array_start, .)
 *(SORT(.fini_array.*))
 *(.fini_array)
                0x2000091c                PROVIDE (__fini_array_end, .)
 *(.jcr*)
                0x2000091c                . = ALIGN (0x4)
                0x2000091c                __data_end__ = .
                0x2000091c                _edata = __data_end__

.igot.plt       0x2000091c        0x0 load address 0x08008478
 .igot.plt      0x00000000        0x0 ..\obj\tm_stm32f4_fatfs.o

.bss            0x20000920      0x5ec load address 0x08008480
                0x20000920                . = ALIGN (0x4)
                0x20000920                __bss_start__ = .
                0x20000920                _sbss = __bss_start__
 *(.bss*)
 .bss           0x20000920       0x28 ..\obj\tm_stm32f4_delay.o
                0x20000920                TM_TimingDelay
                0x20000924                TM_Time
                0x20000928                TM_Time2
                0x2000092c                TM_DELAY_Initialized
 .bss           0x20000948       0x48 ..\obj\fatfs_sd_sdio.o
                0x20000980                StopCondition
                0x20000984                TransferError
                0x20000988                TransferEnd
                0x2000098c                DMAEndOfTransfer
 .bss           0x20000990        0x4 ..\obj\syscalls.o
 .bss           0x20000994       0x28 ..\obj\ff.o
 .bss           0x200009bc       0x18 ..\obj\tm_stm32f4_gpio.o
 .bss.__malloc_max_total_mem
                0x200009d4        0x4 c:/program files (x86)/gnu tools arm embedded/4.9 2015q1/bin/../lib/gcc/arm-none-eabi/4.9.3/../../../../arm-none-eabi/lib/armv7e-m\libg.a(lib_a-mallocr.o)
                0x200009d4                __malloc_max_total_mem
 .bss.__malloc_max_sbrked_mem
                0x200009d8        0x4 c:/program files (x86)/gnu tools arm embedded/4.9 2015q1/bin/../lib/gcc/arm-none-eabi/4.9.3/../../../../arm-none-eabi/lib/armv7e-m\libg.a(lib_a-mallocr.o)
                0x200009d8                __malloc_max_sbrked_mem
 .bss.__malloc_top_pad
                0x200009dc        0x4 c:/program files (x86)/gnu tools arm embedded/4.9 2015q1/bin/../lib/gcc/arm-none-eabi/4.9.3/../../../../arm-none-eabi/lib/armv7e-m\libg.a(lib_a-mallocr.o)
                0x200009dc                __malloc_top_pad
 .bss.__malloc_current_mallinfo
                0x200009e0       0x28 c:/program files (x86)/gnu tools arm embedded/4.9 2015q1/bin/../lib/gcc/arm-none-eabi/4.9.3/../../../../arm-none-eabi/lib/armv7e-m\libg.a(lib_a-mallocr.o)
                0x200009e0                __malloc_current_mallinfo
 *(COMMON)
 COMMON         0x20000a08      0x458 ..\obj\main.o
                0x20000a08                FatFs
                0x20000c3c                fil
 COMMON         0x20000e60        0x4 ..\obj\tm_stm32f4_delay.o
                0x20000e60                mult
 *fill*         0x20000e64        0x4 
 COMMON         0x20000e68       0xa0 ..\obj\fatfs_sd_sdio.o
                0x20000e68                SDIO_CmdInitStructure
                0x20000e80                SDCardInfo
                0x20000ed8                SDIO_InitStructure
                0x20000ef0                SDIO_DataInitStructure
 COMMON         0x20000f08        0x4 c:/program files (x86)/gnu tools arm embedded/4.9 2015q1/bin/../lib/gcc/arm-none-eabi/4.9.3/../../../../arm-none-eabi/lib/armv7e-m\libg.a(lib_a-reent.o)
                0x20000f08                errno
                0x20000f0c                . = ALIGN (0x4)
                0x20000f0c                __bss_end__ = .
                0x20000f0c                _ebss = __bss_end__

.heap           0x20000f0c        0x0
                0x20000f0c                __end__ = .
                0x20000f0c                _end = __end__
                0x20000f0c                end = __end__
 *(.heap*)
                0x20000f0c                __HeapLimit = .

.co_stack       0x20000f0c      0x804 load address 0x08008a6c
                0x20000f10                . = ALIGN (0x8)
 *fill*         0x20000f0c        0x4 
 *(.co_stack .co_stack.*)
 .co_stack      0x20000f10      0x800 ..\obj\startup_stm32f4xx.o
                0x20000f10                pulStack
                0x20020000                __StackTop = (ORIGIN (ram) + 0x20000)
                0x2001f7fc                __StackLimit = (__StackTop - SIZEOF (.co_stack))
                0x20020000                PROVIDE (__stack, __StackTop)
                0x00000001                ASSERT ((__StackLimit >= __HeapLimit), region ram  overflowed with stack)
LOAD ..\obj\tm_stm32f4_fatfs.o
LOAD ..\obj\unicode.o
LOAD ..\obj\stm32f4xx_syscfg.o
LOAD ..\obj\stm32f4xx_sdio.o
LOAD ..\obj\stm32f4xx_usart.o
LOAD ..\obj\tm_stm32f4_disco.o
LOAD ..\obj\diskio.o
LOAD ..\obj\startup_stm32f4xx.o
LOAD ..\obj\main.o
LOAD ..\obj\stm32f4xx_rcc.o
LOAD ..\obj\NVIC.o
LOAD ..\obj\GPIO.o
LOAD ..\obj\fatfs_sd.o
LOAD ..\obj\tm_stm32f4_delay.o
LOAD ..\obj\syscall.o
LOAD ..\obj\fatfs_sd_sdio.o
LOAD ..\obj\EXTI.o
LOAD ..\obj\stm32f4xx_gpio.o
LOAD ..\obj\system_stm32f4xx.o
LOAD ..\obj\syscalls.o
LOAD ..\obj\stm32f4xx_dma.o
LOAD ..\obj\ff.o
LOAD ..\obj\stm32f4xx_exti.o
LOAD ..\obj\misc.o
LOAD ..\obj\tm_stm32f4_gpio.o
LOAD ..\obj\tm_stm32f4_timer_properties.o
LOAD ..\obj\USART.o
LOAD ..\obj\stm32f4xx_tim.o
START GROUP
LOAD c:/program files (x86)/gnu tools arm embedded/4.9 2015q1/bin/../lib/gcc/arm-none-eabi/4.9.3/armv7e-m\libgcc.a
LOAD c:/program files (x86)/gnu tools arm embedded/4.9 2015q1/bin/../lib/gcc/arm-none-eabi/4.9.3/../../../../arm-none-eabi/lib/armv7e-m\libg.a
LOAD c:/program files (x86)/gnu tools arm embedded/4.9 2015q1/bin/../lib/gcc/arm-none-eabi/4.9.3/../../../../arm-none-eabi/lib/armv7e-m\libc.a
END GROUP
OUTPUT(LaboratoriumProblemowe.elf elf32-littlearm)

.debug_info     0x00000000     0xbf46
 .debug_info    0x00000000      0x892 ..\obj\tm_stm32f4_fatfs.o
 .debug_info    0x00000892      0x159 ..\obj\unicode.o
 .debug_info    0x000009eb      0x26c ..\obj\stm32f4xx_syscfg.o
 .debug_info    0x00000c57      0x7f5 ..\obj\stm32f4xx_sdio.o
 .debug_info    0x0000144c      0x9c2 ..\obj\stm32f4xx_usart.o
 .debug_info    0x00001e0e      0x8a6 ..\obj\diskio.o
 .debug_info    0x000026b4       0xed ..\obj\startup_stm32f4xx.o
 .debug_info    0x000027a1      0x8a7 ..\obj\main.o
 .debug_info    0x00003048      0xc4d ..\obj\stm32f4xx_rcc.o
 .debug_info    0x00003c95      0x59b ..\obj\NVIC.o
 .debug_info    0x00004230      0x34d ..\obj\GPIO.o
 .debug_info    0x0000457d      0xa16 ..\obj\tm_stm32f4_delay.o
 .debug_info    0x00004f93       0xcb ..\obj\syscall.o
 .debug_info    0x0000505e     0x1d60 ..\obj\fatfs_sd_sdio.o
 .debug_info    0x00006dbe      0x198 ..\obj\EXTI.o
 .debug_info    0x00006f56      0x602 ..\obj\stm32f4xx_gpio.o
 .debug_info    0x00007558      0x592 ..\obj\system_stm32f4xx.o
 .debug_info    0x00007aea      0x3ee ..\obj\syscalls.o
 .debug_info    0x00007ed8      0x739 ..\obj\stm32f4xx_dma.o
 .debug_info    0x00008611     0x259d ..\obj\ff.o
 .debug_info    0x0000abae      0x347 ..\obj\stm32f4xx_exti.o
 .debug_info    0x0000aef5      0x53d ..\obj\misc.o
 .debug_info    0x0000b432      0x81d ..\obj\tm_stm32f4_gpio.o
 .debug_info    0x0000bc4f      0x2f7 ..\obj\USART.o

.debug_abbrev   0x00000000     0x216d
 .debug_abbrev  0x00000000      0x18c ..\obj\tm_stm32f4_fatfs.o
 .debug_abbrev  0x0000018c       0x97 ..\obj\unicode.o
 .debug_abbrev  0x00000223      0x131 ..\obj\stm32f4xx_syscfg.o
 .debug_abbrev  0x00000354      0x177 ..\obj\stm32f4xx_sdio.o
 .debug_abbrev  0x000004cb      0x155 ..\obj\stm32f4xx_usart.o
 .debug_abbrev  0x00000620      0x1a9 ..\obj\diskio.o
 .debug_abbrev  0x000007c9       0xb0 ..\obj\startup_stm32f4xx.o
 .debug_abbrev  0x00000879      0x1e0 ..\obj\main.o
 .debug_abbrev  0x00000a59      0x1e3 ..\obj\stm32f4xx_rcc.o
 .debug_abbrev  0x00000c3c      0x15f ..\obj\NVIC.o
 .debug_abbrev  0x00000d9b      0x108 ..\obj\GPIO.o
 .debug_abbrev  0x00000ea3      0x2c4 ..\obj\tm_stm32f4_delay.o
 .debug_abbrev  0x00001167       0x7f ..\obj\syscall.o
 .debug_abbrev  0x000011e6      0x278 ..\obj\fatfs_sd_sdio.o
 .debug_abbrev  0x0000145e       0xcb ..\obj\EXTI.o
 .debug_abbrev  0x00001529      0x1a3 ..\obj\stm32f4xx_gpio.o
 .debug_abbrev  0x000016cc      0x136 ..\obj\system_stm32f4xx.o
 .debug_abbrev  0x00001802       0xe2 ..\obj\syscalls.o
 .debug_abbrev  0x000018e4      0x155 ..\obj\stm32f4xx_dma.o
 .debug_abbrev  0x00001a39      0x1fa ..\obj\ff.o
 .debug_abbrev  0x00001c33      0x1a5 ..\obj\stm32f4xx_exti.o
 .debug_abbrev  0x00001dd8      0x145 ..\obj\misc.o
 .debug_abbrev  0x00001f1d      0x14f ..\obj\tm_stm32f4_gpio.o
 .debug_abbrev  0x0000206c      0x101 ..\obj\USART.o

.debug_aranges  0x00000000      0xe38
 .debug_aranges
                0x00000000       0x58 ..\obj\tm_stm32f4_fatfs.o
 .debug_aranges
                0x00000058       0x28 ..\obj\unicode.o
 .debug_aranges
                0x00000080       0x48 ..\obj\stm32f4xx_syscfg.o
 .debug_aranges
                0x000000c8      0x108 ..\obj\stm32f4xx_sdio.o
 .debug_aranges
                0x000001d0      0x100 ..\obj\stm32f4xx_usart.o
 .debug_aranges
                0x000002d0      0x118 ..\obj\diskio.o
 .debug_aranges
                0x000003e8       0x28 ..\obj\startup_stm32f4xx.o
 .debug_aranges
                0x00000410       0x50 ..\obj\main.o
 .debug_aranges
                0x00000460      0x178 ..\obj\stm32f4xx_rcc.o
 .debug_aranges
                0x000005d8       0x50 ..\obj\NVIC.o
 .debug_aranges
                0x00000628       0x40 ..\obj\GPIO.o
 .debug_aranges
                0x00000668       0x80 ..\obj\tm_stm32f4_delay.o
 .debug_aranges
                0x000006e8       0x28 ..\obj\syscall.o
 .debug_aranges
                0x00000710      0x1a8 ..\obj\fatfs_sd_sdio.o
 .debug_aranges
                0x000008b8       0x20 ..\obj\EXTI.o
 .debug_aranges
                0x000008d8       0x88 ..\obj\stm32f4xx_gpio.o
 .debug_aranges
                0x00000960       0x30 ..\obj\system_stm32f4xx.o
 .debug_aranges
                0x00000990       0x60 ..\obj\syscalls.o
 .debug_aranges
                0x000009f0       0xb0 ..\obj\stm32f4xx_dma.o
 .debug_aranges
                0x00000aa0      0x228 ..\obj\ff.o
 .debug_aranges
                0x00000cc8       0x58 ..\obj\stm32f4xx_exti.o
 .debug_aranges
                0x00000d20       0x40 ..\obj\misc.o
 .debug_aranges
                0x00000d60       0x98 ..\obj\tm_stm32f4_gpio.o
 .debug_aranges
                0x00000df8       0x40 ..\obj\USART.o

.debug_ranges   0x00000000      0xcb8
 .debug_ranges  0x00000000       0x48 ..\obj\tm_stm32f4_fatfs.o
 .debug_ranges  0x00000048       0x18 ..\obj\unicode.o
 .debug_ranges  0x00000060       0x38 ..\obj\stm32f4xx_syscfg.o
 .debug_ranges  0x00000098       0xf8 ..\obj\stm32f4xx_sdio.o
 .debug_ranges  0x00000190       0xf0 ..\obj\stm32f4xx_usart.o
 .debug_ranges  0x00000280      0x108 ..\obj\diskio.o
 .debug_ranges  0x00000388       0x18 ..\obj\startup_stm32f4xx.o
 .debug_ranges  0x000003a0       0x40 ..\obj\main.o
 .debug_ranges  0x000003e0      0x168 ..\obj\stm32f4xx_rcc.o
 .debug_ranges  0x00000548       0x40 ..\obj\NVIC.o
 .debug_ranges  0x00000588       0x30 ..\obj\GPIO.o
 .debug_ranges  0x000005b8       0x70 ..\obj\tm_stm32f4_delay.o
 .debug_ranges  0x00000628       0x18 ..\obj\syscall.o
 .debug_ranges  0x00000640      0x198 ..\obj\fatfs_sd_sdio.o
 .debug_ranges  0x000007d8       0x10 ..\obj\EXTI.o
 .debug_ranges  0x000007e8       0x78 ..\obj\stm32f4xx_gpio.o
 .debug_ranges  0x00000860       0x20 ..\obj\system_stm32f4xx.o
 .debug_ranges  0x00000880       0x50 ..\obj\syscalls.o
 .debug_ranges  0x000008d0       0xa0 ..\obj\stm32f4xx_dma.o
 .debug_ranges  0x00000970      0x218 ..\obj\ff.o
 .debug_ranges  0x00000b88       0x48 ..\obj\stm32f4xx_exti.o
 .debug_ranges  0x00000bd0       0x30 ..\obj\misc.o
 .debug_ranges  0x00000c00       0x88 ..\obj\tm_stm32f4_gpio.o
 .debug_ranges  0x00000c88       0x30 ..\obj\USART.o

.debug_line     0x00000000     0x6514
 .debug_line    0x00000000      0x336 ..\obj\tm_stm32f4_fatfs.o
 .debug_line    0x00000336      0x127 ..\obj\unicode.o
 .debug_line    0x0000045d      0x241 ..\obj\stm32f4xx_syscfg.o
 .debug_line    0x0000069e      0x477 ..\obj\stm32f4xx_sdio.o
 .debug_line    0x00000b15      0x4d5 ..\obj\stm32f4xx_usart.o
 .debug_line    0x00000fea      0x465 ..\obj\diskio.o
 .debug_line    0x0000144f       0xaa ..\obj\startup_stm32f4xx.o
 .debug_line    0x000014f9      0x38b ..\obj\main.o
 .debug_line    0x00001884      0x5d4 ..\obj\stm32f4xx_rcc.o
 .debug_line    0x00001e58      0x294 ..\obj\NVIC.o
 .debug_line    0x000020ec      0x283 ..\obj\GPIO.o
 .debug_line    0x0000236f      0x38a ..\obj\tm_stm32f4_delay.o
 .debug_line    0x000026f9       0xe2 ..\obj\syscall.o
 .debug_line    0x000027db      0xcf8 ..\obj\fatfs_sd_sdio.o
 .debug_line    0x000034d3      0x21a ..\obj\EXTI.o
 .debug_line    0x000036ed      0x376 ..\obj\stm32f4xx_gpio.o
 .debug_line    0x00003a63      0x20f ..\obj\system_stm32f4xx.o
 .debug_line    0x00003c72      0x181 ..\obj\syscalls.o
 .debug_line    0x00003df3      0x40f ..\obj\stm32f4xx_dma.o
 .debug_line    0x00004202     0x17a0 ..\obj\ff.o
 .debug_line    0x000059a2      0x2d8 ..\obj\stm32f4xx_exti.o
 .debug_line    0x00005c7a      0x278 ..\obj\misc.o
 .debug_line    0x00005ef2      0x3a0 ..\obj\tm_stm32f4_gpio.o
 .debug_line    0x00006292      0x282 ..\obj\USART.o

.debug_str      0x00000000     0x44f2
 .debug_str     0x00000000      0x54d ..\obj\tm_stm32f4_fatfs.o
                                0x5f5 (size before relaxing)
 .debug_str     0x0000054d       0x7c ..\obj\unicode.o
                                0x164 (size before relaxing)
 .debug_str     0x000005c9      0x19e ..\obj\stm32f4xx_syscfg.o
                                0x2fd (size before relaxing)
 .debug_str     0x00000767      0x4a5 ..\obj\stm32f4xx_sdio.o
                                0x649 (size before relaxing)
 .debug_str     0x00000c0c      0x4c4 ..\obj\stm32f4xx_usart.o
                                0x698 (size before relaxing)
 .debug_str     0x000010d0      0x3f7 ..\obj\diskio.o
                                0x5f4 (size before relaxing)
 .debug_str     0x000014c7       0xb9 ..\obj\startup_stm32f4xx.o
                                0x150 (size before relaxing)
 .debug_str     0x00001580      0x329 ..\obj\main.o
                                0x865 (size before relaxing)
 .debug_str     0x000018a9      0x5e6 ..\obj\stm32f4xx_rcc.o
                                0x859 (size before relaxing)
 .debug_str     0x00001e8f      0x5ec ..\obj\NVIC.o
                                0x814 (size before relaxing)
 .debug_str     0x0000247b       0x69 ..\obj\GPIO.o
                                0x372 (size before relaxing)
 .debug_str     0x000024e4      0x28c ..\obj\tm_stm32f4_delay.o
                                0x9c4 (size before relaxing)
 .debug_str     0x00002770       0x75 ..\obj\syscall.o
                                0x188 (size before relaxing)
 .debug_str     0x000027e5      0xe43 ..\obj\fatfs_sd_sdio.o
                               0x19f3 (size before relaxing)
 .debug_str     0x00003628       0x51 ..\obj\EXTI.o
                                0x28b (size before relaxing)
 .debug_str     0x00003679      0x190 ..\obj\stm32f4xx_gpio.o
                                0x4ac (size before relaxing)
 .debug_str     0x00003809       0xbd ..\obj\system_stm32f4xx.o
                                0x3b3 (size before relaxing)
 .debug_str     0x000038c6      0x14c ..\obj\syscalls.o
                                0x2f3 (size before relaxing)
 .debug_str     0x00003a12      0x255 ..\obj\stm32f4xx_dma.o
                                0x54b (size before relaxing)
 .debug_str     0x00003c67      0x3d7 ..\obj\ff.o
                                0x7ca (size before relaxing)
 .debug_str     0x0000403e       0xf9 ..\obj\stm32f4xx_exti.o
                                0x362 (size before relaxing)
 .debug_str     0x00004137      0x11c ..\obj\misc.o
                                0x3d7 (size before relaxing)
 .debug_str     0x00004253      0x227 ..\obj\tm_stm32f4_gpio.o
                                0x5ad (size before relaxing)
 .debug_str     0x0000447a       0x78 ..\obj\USART.o
                                0x2c9 (size before relaxing)

.comment        0x00000000       0x70
 .comment       0x00000000       0x70 ..\obj\tm_stm32f4_fatfs.o
                                 0x71 (size before relaxing)
 .comment       0x00000000       0x71 ..\obj\unicode.o
 .comment       0x00000000       0x71 ..\obj\stm32f4xx_syscfg.o
 .comment       0x00000000       0x71 ..\obj\stm32f4xx_sdio.o
 .comment       0x00000000       0x71 ..\obj\stm32f4xx_usart.o
 .comment       0x00000000       0x71 ..\obj\diskio.o
 .comment       0x00000000       0x71 ..\obj\startup_stm32f4xx.o
 .comment       0x00000000       0x71 ..\obj\main.o
 .comment       0x00000000       0x71 ..\obj\stm32f4xx_rcc.o
 .comment       0x00000000       0x71 ..\obj\NVIC.o
 .comment       0x00000000       0x71 ..\obj\GPIO.o
 .comment       0x00000000       0x71 ..\obj\tm_stm32f4_delay.o
 .comment       0x00000000       0x71 ..\obj\syscall.o
 .comment       0x00000000       0x71 ..\obj\fatfs_sd_sdio.o
 .comment       0x00000000       0x71 ..\obj\EXTI.o
 .comment       0x00000000       0x71 ..\obj\stm32f4xx_gpio.o
 .comment       0x00000000       0x71 ..\obj\system_stm32f4xx.o
 .comment       0x00000000       0x71 ..\obj\syscalls.o
 .comment       0x00000000       0x71 ..\obj\stm32f4xx_dma.o
 .comment       0x00000000       0x71 ..\obj\ff.o
 .comment       0x00000000       0x71 ..\obj\stm32f4xx_exti.o
 .comment       0x00000000       0x71 ..\obj\misc.o
 .comment       0x00000000       0x71 ..\obj\tm_stm32f4_gpio.o
 .comment       0x00000000       0x71 ..\obj\USART.o

.ARM.attributes
                0x00000000       0x31
 .ARM.attributes
                0x00000000       0x33 ..\obj\tm_stm32f4_fatfs.o
 .ARM.attributes
                0x00000033       0x33 ..\obj\unicode.o
 .ARM.attributes
                0x00000066       0x33 ..\obj\stm32f4xx_syscfg.o
 .ARM.attributes
                0x00000099       0x33 ..\obj\stm32f4xx_sdio.o
 .ARM.attributes
                0x000000cc       0x33 ..\obj\stm32f4xx_usart.o
 .ARM.attributes
                0x000000ff       0x33 ..\obj\diskio.o
 .ARM.attributes
                0x00000132       0x33 ..\obj\startup_stm32f4xx.o
 .ARM.attributes
                0x00000165       0x33 ..\obj\main.o
 .ARM.attributes
                0x00000198       0x33 ..\obj\stm32f4xx_rcc.o
 .ARM.attributes
                0x000001cb       0x33 ..\obj\NVIC.o
 .ARM.attributes
                0x000001fe       0x33 ..\obj\GPIO.o
 .ARM.attributes
                0x00000231       0x33 ..\obj\tm_stm32f4_delay.o
 .ARM.attributes
                0x00000264       0x33 ..\obj\syscall.o
 .ARM.attributes
                0x00000297       0x33 ..\obj\fatfs_sd_sdio.o
 .ARM.attributes
                0x000002ca       0x33 ..\obj\EXTI.o
 .ARM.attributes
                0x000002fd       0x33 ..\obj\stm32f4xx_gpio.o
 .ARM.attributes
                0x00000330       0x33 ..\obj\system_stm32f4xx.o
 .ARM.attributes
                0x00000363       0x33 ..\obj\syscalls.o
 .ARM.attributes
                0x00000396       0x33 ..\obj\stm32f4xx_dma.o
 .ARM.attributes
                0x000003c9       0x33 ..\obj\ff.o
 .ARM.attributes
                0x000003fc       0x33 ..\obj\stm32f4xx_exti.o
 .ARM.attributes
                0x0000042f       0x33 ..\obj\misc.o
 .ARM.attributes
                0x00000462       0x33 ..\obj\tm_stm32f4_gpio.o
 .ARM.attributes
                0x00000495       0x33 ..\obj\USART.o
 .ARM.attributes
                0x000004c8       0x2e c:/program files (x86)/gnu tools arm embedded/4.9 2015q1/bin/../lib/gcc/arm-none-eabi/4.9.3/../../../../arm-none-eabi/lib/armv7e-m\libg.a(lib_a-malloc.o)
 .ARM.attributes
                0x000004f6       0x2e c:/program files (x86)/gnu tools arm embedded/4.9 2015q1/bin/../lib/gcc/arm-none-eabi/4.9.3/../../../../arm-none-eabi/lib/armv7e-m\libg.a(lib_a-mallocr.o)
 .ARM.attributes
                0x00000524       0x1c c:/program files (x86)/gnu tools arm embedded/4.9 2015q1/bin/../lib/gcc/arm-none-eabi/4.9.3/../../../../arm-none-eabi/lib/armv7e-m\libg.a(lib_a-memcpy.o)
 .ARM.attributes
                0x00000540       0x2e c:/program files (x86)/gnu tools arm embedded/4.9 2015q1/bin/../lib/gcc/arm-none-eabi/4.9.3/../../../../arm-none-eabi/lib/armv7e-m\libg.a(lib_a-mlock.o)
 .ARM.attributes
                0x0000056e       0x2e c:/program files (x86)/gnu tools arm embedded/4.9 2015q1/bin/../lib/gcc/arm-none-eabi/4.9.3/../../../../arm-none-eabi/lib/armv7e-m\libg.a(lib_a-sbrkr.o)
 .ARM.attributes
                0x0000059c       0x2e c:/program files (x86)/gnu tools arm embedded/4.9 2015q1/bin/../lib/gcc/arm-none-eabi/4.9.3/../../../../arm-none-eabi/lib/armv7e-m\libg.a(lib_a-freer.o)
 .ARM.attributes
                0x000005ca       0x2e c:/program files (x86)/gnu tools arm embedded/4.9 2015q1/bin/../lib/gcc/arm-none-eabi/4.9.3/../../../../arm-none-eabi/lib/armv7e-m\libg.a(lib_a-impure.o)
 .ARM.attributes
                0x000005f8       0x2e c:/program files (x86)/gnu tools arm embedded/4.9 2015q1/bin/../lib/gcc/arm-none-eabi/4.9.3/../../../../arm-none-eabi/lib/armv7e-m\libg.a(lib_a-reent.o)

.debug_frame    0x00000000     0x3bec
 .debug_frame   0x00000000      0x13c ..\obj\tm_stm32f4_fatfs.o
 .debug_frame   0x0000013c       0x60 ..\obj\unicode.o
 .debug_frame   0x0000019c       0xf4 ..\obj\stm32f4xx_syscfg.o
 .debug_frame   0x00000290      0x48c ..\obj\stm32f4xx_sdio.o
 .debug_frame   0x0000071c      0x490 ..\obj\stm32f4xx_usart.o
 .debug_frame   0x00000bac      0x4a4 ..\obj\diskio.o
 .debug_frame   0x00001050       0x4c ..\obj\startup_stm32f4xx.o
 .debug_frame   0x0000109c       0xf8 ..\obj\main.o
 .debug_frame   0x00001194      0x6d4 ..\obj\stm32f4xx_rcc.o
 .debug_frame   0x00001868      0x108 ..\obj\NVIC.o
 .debug_frame   0x00001970       0xc4 ..\obj\GPIO.o
 .debug_frame   0x00001a34      0x1ec ..\obj\tm_stm32f4_delay.o
 .debug_frame   0x00001c20       0x58 ..\obj\syscall.o
 .debug_frame   0x00001c78      0x728 ..\obj\fatfs_sd_sdio.o
 .debug_frame   0x000023a0       0x34 ..\obj\EXTI.o
 .debug_frame   0x000023d4      0x23c ..\obj\stm32f4xx_gpio.o
 .debug_frame   0x00002610       0x7c ..\obj\system_stm32f4xx.o
 .debug_frame   0x0000268c      0x168 ..\obj\syscalls.o
 .debug_frame   0x000027f4      0x308 ..\obj\stm32f4xx_dma.o
 .debug_frame   0x00002afc      0x9e4 ..\obj\ff.o
 .debug_frame   0x000034e0      0x148 ..\obj\stm32f4xx_exti.o
 .debug_frame   0x00003628       0xd8 ..\obj\misc.o
 .debug_frame   0x00003700      0x278 ..\obj\tm_stm32f4_gpio.o
 .debug_frame   0x00003978       0xc4 ..\obj\USART.o
 .debug_frame   0x00003a3c       0x30 c:/program files (x86)/gnu tools arm embedded/4.9 2015q1/bin/../lib/gcc/arm-none-eabi/4.9.3/../../../../arm-none-eabi/lib/armv7e-m\libg.a(lib_a-malloc.o)
 .debug_frame   0x00003a6c       0x58 c:/program files (x86)/gnu tools arm embedded/4.9 2015q1/bin/../lib/gcc/arm-none-eabi/4.9.3/../../../../arm-none-eabi/lib/armv7e-m\libg.a(lib_a-mallocr.o)
 .debug_frame   0x00003ac4       0x30 c:/program files (x86)/gnu tools arm embedded/4.9 2015q1/bin/../lib/gcc/arm-none-eabi/4.9.3/../../../../arm-none-eabi/lib/armv7e-m\libg.a(lib_a-mlock.o)
 .debug_frame   0x00003af4       0x2c c:/program files (x86)/gnu tools arm embedded/4.9 2015q1/bin/../lib/gcc/arm-none-eabi/4.9.3/../../../../arm-none-eabi/lib/armv7e-m\libg.a(lib_a-sbrkr.o)
 .debug_frame   0x00003b20       0x74 c:/program files (x86)/gnu tools arm embedded/4.9 2015q1/bin/../lib/gcc/arm-none-eabi/4.9.3/../../../../arm-none-eabi/lib/armv7e-m\libg.a(lib_a-freer.o)
 .debug_frame   0x00003b94       0x58 c:/program files (x86)/gnu tools arm embedded/4.9 2015q1/bin/../lib/gcc/arm-none-eabi/4.9.3/../../../../arm-none-eabi/lib/armv7e-m\libg.a(lib_a-reent.o)
