Archive member included because of file (symbol)

c:/program files (x86)/gnu tools arm embedded/4.9 2015q1/bin/../lib/gcc/arm-none-eabi/4.9.3/armv7e-m\libgcc.a(_arm_addsubdf3.o)
                              ..\obj\main.o (__aeabi_dsub)
c:/program files (x86)/gnu tools arm embedded/4.9 2015q1/bin/../lib/gcc/arm-none-eabi/4.9.3/armv7e-m\libgcc.a(_arm_muldivdf3.o)
                              ..\obj\tm_stm32f4_fatfs.o (__aeabi_dmul)
c:/program files (x86)/gnu tools arm embedded/4.9 2015q1/bin/../lib/gcc/arm-none-eabi/4.9.3/armv7e-m\libgcc.a(_arm_cmpdf2.o)
                              ..\obj\tm_stm32f4_timer_properties.o (__aeabi_dcmpeq)
c:/program files (x86)/gnu tools arm embedded/4.9 2015q1/bin/../lib/gcc/arm-none-eabi/4.9.3/armv7e-m\libgcc.a(_arm_fixunsdfsi.o)
                              ..\obj\tm_stm32f4_fatfs.o (__aeabi_d2uiz)
c:/program files (x86)/gnu tools arm embedded/4.9 2015q1/bin/../lib/gcc/arm-none-eabi/4.9.3/armv7e-m\libgcc.a(_arm_truncdfsf2.o)
                              ..\obj\PROTOCOLS.o (__aeabi_d2f)
c:/program files (x86)/gnu tools arm embedded/4.9 2015q1/bin/../lib/gcc/arm-none-eabi/4.9.3/../../../../arm-none-eabi/lib/armv7e-m\libg.a(lib_a-atof.o)
                              ..\obj\PROTOCOLS.o (atof)
c:/program files (x86)/gnu tools arm embedded/4.9 2015q1/bin/../lib/gcc/arm-none-eabi/4.9.3/../../../../arm-none-eabi/lib/armv7e-m\libg.a(lib_a-malloc.o)
                              ..\obj\tm_stm32f4_fatfs.o (malloc)
c:/program files (x86)/gnu tools arm embedded/4.9 2015q1/bin/../lib/gcc/arm-none-eabi/4.9.3/../../../../arm-none-eabi/lib/armv7e-m\libg.a(lib_a-mallocr.o)
                              c:/program files (x86)/gnu tools arm embedded/4.9 2015q1/bin/../lib/gcc/arm-none-eabi/4.9.3/../../../../arm-none-eabi/lib/armv7e-m\libg.a(lib_a-malloc.o) (_malloc_r)
c:/program files (x86)/gnu tools arm embedded/4.9 2015q1/bin/../lib/gcc/arm-none-eabi/4.9.3/../../../../arm-none-eabi/lib/armv7e-m\libg.a(lib_a-memcpy.o)
                              ..\obj\fatfs_sd_sdio.o (memcpy)
c:/program files (x86)/gnu tools arm embedded/4.9 2015q1/bin/../lib/gcc/arm-none-eabi/4.9.3/../../../../arm-none-eabi/lib/armv7e-m\libg.a(lib_a-memset.o)
                              ..\obj\fatfs_sd_sdio.o (memset)
c:/program files (x86)/gnu tools arm embedded/4.9 2015q1/bin/../lib/gcc/arm-none-eabi/4.9.3/../../../../arm-none-eabi/lib/armv7e-m\libg.a(lib_a-mlock.o)
                              c:/program files (x86)/gnu tools arm embedded/4.9 2015q1/bin/../lib/gcc/arm-none-eabi/4.9.3/../../../../arm-none-eabi/lib/armv7e-m\libg.a(lib_a-mallocr.o) (__malloc_lock)
c:/program files (x86)/gnu tools arm embedded/4.9 2015q1/bin/../lib/gcc/arm-none-eabi/4.9.3/../../../../arm-none-eabi/lib/armv7e-m\libg.a(lib_a-sbrkr.o)
                              c:/program files (x86)/gnu tools arm embedded/4.9 2015q1/bin/../lib/gcc/arm-none-eabi/4.9.3/../../../../arm-none-eabi/lib/armv7e-m\libg.a(lib_a-mallocr.o) (_sbrk_r)
c:/program files (x86)/gnu tools arm embedded/4.9 2015q1/bin/../lib/gcc/arm-none-eabi/4.9.3/../../../../arm-none-eabi/lib/armv7e-m\libg.a(lib_a-sprintf.o)
                              ..\obj\tm_stm32f4_fatfs.o (sprintf)
c:/program files (x86)/gnu tools arm embedded/4.9 2015q1/bin/../lib/gcc/arm-none-eabi/4.9.3/../../../../arm-none-eabi/lib/armv7e-m\libg.a(lib_a-strcpy.o)
                              ..\obj\tm_stm32f4_fatfs.o (strcpy)
c:/program files (x86)/gnu tools arm embedded/4.9 2015q1/bin/../lib/gcc/arm-none-eabi/4.9.3/../../../../arm-none-eabi/lib/armv7e-m\libg.a(lib_a-strlen.o)
                              ..\obj\tm_stm32f4_fatfs.o (strlen)
c:/program files (x86)/gnu tools arm embedded/4.9 2015q1/bin/../lib/gcc/arm-none-eabi/4.9.3/../../../../arm-none-eabi/lib/armv7e-m\libg.a(lib_a-strtod.o)
                              c:/program files (x86)/gnu tools arm embedded/4.9 2015q1/bin/../lib/gcc/arm-none-eabi/4.9.3/../../../../arm-none-eabi/lib/armv7e-m\libg.a(lib_a-atof.o) (strtod)
c:/program files (x86)/gnu tools arm embedded/4.9 2015q1/bin/../lib/gcc/arm-none-eabi/4.9.3/../../../../arm-none-eabi/lib/armv7e-m\libg.a(lib_a-svfprintf.o)
                              c:/program files (x86)/gnu tools arm embedded/4.9 2015q1/bin/../lib/gcc/arm-none-eabi/4.9.3/../../../../arm-none-eabi/lib/armv7e-m\libg.a(lib_a-sprintf.o) (_svfprintf_r)
c:/program files (x86)/gnu tools arm embedded/4.9 2015q1/bin/../lib/gcc/arm-none-eabi/4.9.3/../../../../arm-none-eabi/lib/armv7e-m\libg.a(lib_a-dtoa.o)
                              c:/program files (x86)/gnu tools arm embedded/4.9 2015q1/bin/../lib/gcc/arm-none-eabi/4.9.3/../../../../arm-none-eabi/lib/armv7e-m\libg.a(lib_a-svfprintf.o) (_dtoa_r)
c:/program files (x86)/gnu tools arm embedded/4.9 2015q1/bin/../lib/gcc/arm-none-eabi/4.9.3/../../../../arm-none-eabi/lib/armv7e-m\libg.a(lib_a-freer.o)
[...]
Memory Configuration

Name             Origin             Length             Attributes
rom              0x08000000         0x00100000         xr
ram              0x20000000         0x00020000         xrw
ram1             0x10000000         0x00010000         xrw
*default*        0x00000000         0xffffffff

Linker script and memory map

                0x20020000                _eram = 0x20020000

.text           0x08000000     0x4e60
 *(.isr_vector)
 .isr_vector    0x08000000      0x188 ..\obj\startup_stm32f4xx.o
                0x08000000                g_pfnVectors
 *(.text*)
 .text.SYSCFG_EXTILineConfig
                0x08000188       0x84 ..\obj\stm32f4xx_syscfg.o
                0x08000188                SYSCFG_EXTILineConfig
 .text.SDIO_GetITStatus
                0x0800020c       0x34 ..\obj\stm32f4xx_sdio.o
                0x0800020c                SDIO_GetITStatus
 .text.SDIO_ClearITPendingBit
                0x08000240       0x1c ..\obj\stm32f4xx_sdio.o
                0x08000240                SDIO_ClearITPendingBit
 .text.solvePCRequest
                0x0800025c       0x30 ..\obj\PROTOCOLS.o
                0x0800025c                solvePCRequest
 .text.solvePCHeader
                0x0800028c      0x110 ..\obj\PROTOCOLS.o
                0x0800028c                solvePCHeader
 .text.solvePCData
                0x0800039c       0x64 ..\obj\PROTOCOLS.o
                0x0800039c                solvePCData
 .text.saveDataInProperVariable
                0x08000400       0xc0 ..\obj\PROTOCOLS.o
                0x08000400                saveDataInProperVariable
 .text.solveDroneRequest
                0x080004c0       0x14 ..\obj\PROTOCOLS.o
                0x080004c0                solveDroneRequest
 .text.USART_Init
                0x080004d4      0x178 ..\obj\stm32f4xx_usart.o
                0x080004d4                USART_Init
 .text.USART_Cmd
                0x0800064c       0x40 ..\obj\stm32f4xx_usart.o
                0x0800064c                USART_Cmd
 .text.USART_ReceiveData
                0x0800068c       0x20 ..\obj\stm32f4xx_usart.o
                0x0800068c                USART_ReceiveData
 .text.USART_ITConfig
                0x080006ac       0x90 ..\obj\stm32f4xx_usart.o
                0x080006ac                USART_ITConfig
 .text.USART_GetFlagStatus
                0x0800073c       0x38 ..\obj\stm32f4xx_usart.o
                0x0800073c                USART_GetFlagStatus
 .text.USART_ClearITPendingBit
                0x08000774       0x38 ..\obj\stm32f4xx_usart.o
                0x08000774                USART_ClearITPendingBit
 .text.Default_Reset_Handler
                0x080007ac       0x58 ..\obj\startup_stm32f4xx.o
                0x080007ac                Default_Reset_Handler
                0x080007ac                Reset_Handler
 .text.Default_Handler
                0x08000804        0x8 ..\obj\startup_stm32f4xx.o
                0x08000804                RTC_Alarm_IRQHandler
                0x08000804                HASH_RNG_IRQHandler
                0x08000804                TIM8_CC_IRQHandler
                0x08000804                DebugMon_Handler
                0x08000804                TIM1_CC_IRQHandler
                0x08000804                DMA2_Stream5_IRQHandler
                0x08000804                HardFault_Handler
                0x08000804                DMA1_Stream5_IRQHandler
                0x08000804                PVD_IRQHandler
                0x08000804                TAMP_STAMP_IRQHandler
                0x08000804                PendSV_Handler
                0x08000804                NMI_Handler
                0x08000804                CAN2_RX1_IRQHandler
                0x08000804                EXTI3_IRQHandler
                0x08000804                TIM8_TRG_COM_TIM14_IRQHandler
                0x08000804                TIM1_UP_TIM10_IRQHandler
                0x08000804                TIM8_UP_TIM13_IRQHandler
                0x08000804                I2C3_ER_IRQHandler
                0x08000804                I2C2_EV_IRQHandler
                0x08000804                DMA1_Stream2_IRQHandler
                0x08000804                CAN1_RX0_IRQHandler
                0x08000804                FPU_IRQHandler
                0x08000804                OTG_HS_WKUP_IRQHandler
                0x08000804                UsageFault_Handler
                0x08000804                CAN2_SCE_IRQHandler
                0x08000804                DMA2_Stream2_IRQHandler
                0x08000804                SPI1_IRQHandler
                0x08000804                TIM6_DAC_IRQHandler
                0x08000804                TIM1_BRK_TIM9_IRQHandler
                0x08000804                DCMI_IRQHandler
                0x08000804                CAN2_RX0_IRQHandler
                0x08000804                USART3_IRQHandler
                0x08000804                CRYP_IRQHandler
                0x08000804                CAN1_RX1_IRQHandler
                0x08000804                UART5_IRQHandler
                0x08000804                DMA2_Stream0_IRQHandler
                0x08000804                TIM4_IRQHandler
                0x08000804                I2C1_EV_IRQHandler
                0x08000804                DMA1_Stream6_IRQHandler
                0x08000804                DMA1_Stream1_IRQHandler
                0x08000804                TIM3_IRQHandler
                0x08000804                RCC_IRQHandler
                0x08000804                TIM8_BRK_TIM12_IRQHandler
                0x08000804                EXTI15_10_IRQHandler
                0x08000804                ADC_IRQHandler
                0x08000804                DMA1_Stream7_IRQHandler
                0x08000804                TIM7_IRQHandler
                0x08000804                CAN2_TX_IRQHandler
                0x08000804                TIM5_IRQHandler
                0x08000804                DMA2_Stream7_IRQHandler
                0x08000804                I2C3_EV_IRQHandler
                0x08000804                EXTI9_5_IRQHandler
                0x08000804                RTC_WKUP_IRQHandler
                0x08000804                ETH_WKUP_IRQHandler
                0x08000804                SPI2_IRQHandler
                0x08000804                OTG_HS_EP1_IN_IRQHandler
                0x08000804                MemManage_Handler
                0x08000804                DMA1_Stream0_IRQHandler
                0x08000804                CAN1_TX_IRQHandler
                0x08000804                SVC_Handler
                0x08000804                EXTI4_IRQHandler
                0x08000804                FSMC_IRQHandler
                0x08000804                ETH_IRQHandler
                0x08000804                OTG_HS_EP1_OUT_IRQHandler
                0x08000804                WWDG_IRQHandler
                0x08000804                TIM2_IRQHandler
                0x08000804                OTG_FS_WKUP_IRQHandler
                0x08000804                TIM1_TRG_COM_TIM11_IRQHandler
                0x08000804                OTG_HS_IRQHandler
                0x08000804                USART2_IRQHandler
                0x08000804                I2C2_ER_IRQHandler
                0x08000804                DMA2_Stream1_IRQHandler
                0x08000804                CAN1_SCE_IRQHandler
                0x08000804                FLASH_IRQHandler
                0x08000804                DMA2_Stream4_IRQHandler
                0x08000804                BusFault_Handler
                0x08000804                USART1_IRQHandler
                0x08000804                OTG_FS_IRQHandler
                0x08000804                SPI3_IRQHandler
                0x08000804                DMA1_Stream4_IRQHandler
                0x08000804                I2C1_ER_IRQHandler
                0x08000804                DMA2_Stream6_IRQHandler
                0x08000804                DMA1_Stream3_IRQHandler
 .text.main     0x0800080c       0x70 ..\obj\main.o
                0x0800080c                main
 .text.EXTI0_IRQHandler
                0x0800087c       0x18 ..\obj\main.o
                0x0800087c                EXTI0_IRQHandler
 *fill*         0x08000894        0x4 
 .text.EXTI1_IRQHandler
                0x08000898       0x68 ..\obj\main.o
                0x08000898                EXTI1_IRQHandler
 .text.EXTI2_IRQHandler
                0x08000900       0x68 ..\obj\main.o
                0x08000900                EXTI2_IRQHandler
 .text.UART4_IRQHandler
                0x08000968       0x30 ..\obj\main.o
                0x08000968                UART4_IRQHandler
 .text.USART6_IRQHandler
                0x08000998       0x30 ..\obj\main.o
                0x08000998                USART6_IRQHandler
 .text.RCC_GetClocksFreq
                0x080009c8      0x154 ..\obj\stm32f4xx_rcc.o
                0x080009c8                RCC_GetClocksFreq
 .text.RCC_AHB1PeriphClockCmd
                0x08000b1c       0x3c ..\obj\stm32f4xx_rcc.o
                0x08000b1c                RCC_AHB1PeriphClockCmd
 .text.RCC_APB1PeriphClockCmd
                0x08000b58       0x3c ..\obj\stm32f4xx_rcc.o
                0x08000b58                RCC_APB1PeriphClockCmd
 .text.RCC_APB2PeriphClockCmd
                0x08000b94       0x3c ..\obj\stm32f4xx_rcc.o
                0x08000b94                RCC_APB2PeriphClockCmd
 .text.NVIC_EnableIRQ
                0x08000bd0       0x30 ..\obj\NVIC.o
 .text.initNVIC
                0x08000c00       0x30 ..\obj\NVIC.o
                0x08000c00                initNVIC
 .text.initSynchroInterrupt
                0x08000c30       0x2c ..\obj\NVIC.o
                0x08000c30                initSynchroInterrupt
 .text.initEncoderAInterrupt
                0x08000c5c       0x2c ..\obj\NVIC.o
                0x08000c5c                initEncoderAInterrupt
 .text.initEncoderBInterrupt
                0x08000c88       0x2c ..\obj\NVIC.o
                0x08000c88                initEncoderBInterrupt
 .text.initPCUARTInterrupt
                0x08000cb4       0x2c ..\obj\NVIC.o
                0x08000cb4                initPCUARTInterrupt
 .text.initDroneUARTInterrupt
                0x08000ce0       0x2c ..\obj\NVIC.o
                0x08000ce0                initDroneUARTInterrupt
 .text.enableNVIC
                0x08000d0c       0x24 ..\obj\NVIC.o
                0x08000d0c                enableNVIC
 .text.initGPIO
                0x08000d30       0x28 ..\obj\GPIO.o
                0x08000d30                initGPIO
 .text.initPortA
                0x08000d58       0x74 ..\obj\GPIO.o
                0x08000d58                initPortA
 .text.initPortB
                0x08000dcc       0x40 ..\obj\GPIO.o
                0x08000dcc                initPortB
 .text.initPortC
                0x08000e0c       0x7c ..\obj\GPIO.o
                0x08000e0c                initPortC
 .text.initPortE
                0x08000e88       0x44 ..\obj\GPIO.o
                0x08000e88                initPortE
 .text.lightDiode
                0x08000ecc       0x20 ..\obj\GPIO.o
                0x08000ecc                lightDiode
 .text.SysTick_Handler
                0x08000eec       0xf0 ..\obj\tm_stm32f4_delay.o
                0x08000eec                SysTick_Handler
 .text.SDIO_IRQHandler
                0x08000fdc        0xc ..\obj\fatfs_sd_sdio.o
                0x08000fdc                SDIO_IRQHandler
 .text.DMA2_Stream3_IRQHandler
                0x08000fe8        0xc ..\obj\fatfs_sd_sdio.o
                0x08000fe8                DMA2_Stream3_IRQHandler
 .text.SD_ProcessIRQSrc
                0x08000ff4       0xd4 ..\obj\fatfs_sd_sdio.o
                0x08000ff4                SD_ProcessIRQSrc
 .text.SD_ProcessDMAIRQ
                0x080010c8       0x30 ..\obj\fatfs_sd_sdio.o
                0x080010c8                SD_ProcessDMAIRQ
 .text.initEXTI
                0x080010f8       0x50 ..\obj\EXTI.o
                0x080010f8                initEXTI
 .text.GPIO_Init
                0x08001148      0x11c ..\obj\stm32f4xx_gpio.o
                0x08001148                GPIO_Init
 .text.GPIO_SetBits
                0x08001264       0x1c ..\obj\stm32f4xx_gpio.o
                0x08001264                GPIO_SetBits
 .text.GPIO_PinAFConfig
                0x08001280       0x90 ..\obj\stm32f4xx_gpio.o
                0x08001280                GPIO_PinAFConfig
 .text.initSolver
                0x08001310        0xc ..\obj\SOLVER.o
                0x08001310                initSolver
 .text.SystemInit
                0x0800131c       0x58 ..\obj\system_stm32f4xx.o
                0x0800131c                SystemInit
 .text.SetSysClock
                0x08001374       0xf4 ..\obj\system_stm32f4xx.o
 .text._sbrk    0x08001468       0x40 ..\obj\syscalls.o
                0x08001468                _sbrk
 .text.DMA_ClearFlag
                0x080014a8       0x5c ..\obj\stm32f4xx_dma.o
                0x080014a8                DMA_ClearFlag
 .text.EXTI_Init
                0x08001504       0xe4 ..\obj\stm32f4xx_exti.o
                0x08001504                EXTI_Init
 .text.EXTI_GetITStatus
                0x080015e8       0x48 ..\obj\stm32f4xx_exti.o
                0x080015e8                EXTI_GetITStatus
 .text.EXTI_ClearITPendingBit
                0x08001630       0x1c ..\obj\stm32f4xx_exti.o
                0x08001630                EXTI_ClearITPendingBit
 .text.NVIC_Init
                0x0800164c       0xc0 ..\obj\misc.o
                0x0800164c                NVIC_Init
 .text.initUSART
                0x0800170c       0x1c ..\obj\USART.o
                0x0800170c                initUSART
 .text.initPCUART
                0x08001728       0x60 ..\obj\USART.o
                0x08001728                initPCUART
 .text.initDroneUSART
                0x08001788       0x5c ..\obj\USART.o
                0x08001788                initDroneUSART
 .text.USART_put_char
                0x080017e4       0x30 ..\obj\USART.o
                0x080017e4                USART_put_char
 .text          0x08001814      0x370 c:/program files (x86)/gnu tools arm embedded/4.9 2015q1/bin/../lib/gcc/arm-none-eabi/4.9.3/armv7e-m\libgcc.a(_arm_addsubdf3.o)
                0x08001814                __aeabi_drsub
                0x0800181c                __aeabi_dsub
                0x0800181c                __subdf3
                0x08001820                __aeabi_dadd
                0x08001820                __adddf3
                0x08001a98                __floatunsidf
                0x08001a98                __aeabi_ui2d
                0x08001ab8                __floatsidf
                0x08001ab8                __aeabi_i2d
                0x08001adc                __aeabi_f2d
                0x08001adc                __extendsfdf2
                0x08001b18                __floatundidf
                0x08001b18                __aeabi_ul2d
                0x08001b28                __floatdidf
                0x08001b28                __aeabi_l2d
 .text          0x08001b84      0x424 c:/program files (x86)/gnu tools arm embedded/4.9 2015q1/bin/../lib/gcc/arm-none-eabi/4.9.3/armv7e-m\libgcc.a(_arm_muldivdf3.o)
                0x08001b84                __aeabi_dmul
                0x08001b84                __muldf3
                0x08001dd8                __divdf3
                0x08001dd8                __aeabi_ddiv
 .text          0x08001fa8      0x110 c:/program files (x86)/gnu tools arm embedded/4.9 2015q1/bin/../lib/gcc/arm-none-eabi/4.9.3/armv7e-m\libgcc.a(_arm_cmpdf2.o)
                0x08001fa8                __gtdf2
                0x08001fa8                __gedf2
                0x08001fb0                __ltdf2
                0x08001fb0                __ledf2
                0x08001fb8                __nedf2
                0x08001fb8                __eqdf2
                0x08001fb8                __cmpdf2
                0x08002034                __aeabi_cdrcmple
                0x08002044                __aeabi_cdcmpeq
                0x08002044                __aeabi_cdcmple
                0x08002054                __aeabi_dcmpeq
                0x08002068                __aeabi_dcmplt
                0x0800207c                __aeabi_dcmple
                0x08002090                __aeabi_dcmpge
                0x080020a4                __aeabi_dcmpgt
 .text          0x080020b8       0x40 c:/program files (x86)/gnu tools arm embedded/4.9 2015q1/bin/../lib/gcc/arm-none-eabi/4.9.3/armv7e-m\libgcc.a(_arm_fixunsdfsi.o)
                0x080020b8                __aeabi_d2uiz
                0x080020b8                __fixunsdfsi
 .text          0x080020f8       0xa0 c:/program files (x86)/gnu tools arm embedded/4.9 2015q1/bin/../lib/gcc/arm-none-eabi/4.9.3/armv7e-m\libgcc.a(_arm_truncdfsf2.o)
                0x080020f8                __truncdfsf2
                0x080020f8                __aeabi_d2f
 .text.atof     0x08002198        0x8 c:/program files (x86)/gnu tools arm embedded/4.9 2015q1/bin/../lib/gcc/arm-none-eabi/4.9.3/../../../../arm-none-eabi/lib/armv7e-m\libg.a(lib_a-atof.o)
                0x08002198                atof
 .text._malloc_r
                0x080021a0      0x524 c:/program files (x86)/gnu tools arm embedded/4.9 2015q1/bin/../lib/gcc/arm-none-eabi/4.9.3/../../../../arm-none-eabi/lib/armv7e-m\libg.a(lib_a-mallocr.o)
                0x080021a0                _malloc_r
 .text          0x080026c4      0x134 c:/program files (x86)/gnu tools arm embedded/4.9 2015q1/bin/../lib/gcc/arm-none-eabi/4.9.3/../../../../arm-none-eabi/lib/armv7e-m\libg.a(lib_a-memcpy.o)
                0x080026c4                memcpy
 .text.memset   0x080027f8       0x9c c:/program files (x86)/gnu tools arm embedded/4.9 2015q1/bin/../lib/gcc/arm-none-eabi/4.9.3/../../../../arm-none-eabi/lib/armv7e-m\libg.a(lib_a-memset.o)
                0x080027f8                memset
 .text.__malloc_lock
                0x08002894        0x4 c:/program files (x86)/gnu tools arm embedded/4.9 2015q1/bin/../lib/gcc/arm-none-eabi/4.9.3/../../../../arm-none-eabi/lib/armv7e-m\libg.a(lib_a-mlock.o)
                0x08002894                __malloc_lock
 .text.__malloc_unlock
                0x08002898        0x4 c:/program files (x86)/gnu tools arm embedded/4.9 2015q1/bin/../lib/gcc/arm-none-eabi/4.9.3/../../../../arm-none-eabi/lib/armv7e-m\libg.a(lib_a-mlock.o)
                0x08002898                __malloc_unlock
 .text._sbrk_r  0x0800289c       0x24 c:/program files (x86)/gnu tools arm embedded/4.9 2015q1/bin/../lib/gcc/arm-none-eabi/4.9.3/../../../../arm-none-eabi/lib/armv7e-m\libg.a(lib_a-sbrkr.o)
                0x0800289c                _sbrk_r
 .text.strlen   0x080028c0       0x5c c:/program files (x86)/gnu tools arm embedded/4.9 2015q1/bin/../lib/gcc/arm-none-eabi/4.9.3/../../../../arm-none-eabi/lib/armv7e-m\libg.a(lib_a-strlen.o)
                0x080028c0                strlen
 .text.sulp     0x0800291c       0x44 c:/program files (x86)/gnu tools arm embedded/4.9 2015q1/bin/../lib/gcc/arm-none-eabi/4.9.3/../../../../arm-none-eabi/lib/armv7e-m\libg.a(lib_a-strtod.o)
 .text._strtod_r
                0x08002960      0xf28 c:/program files (x86)/gnu tools arm embedded/4.9 2015q1/bin/../lib/gcc/arm-none-eabi/4.9.3/../../../../arm-none-eabi/lib/armv7e-m\libg.a(lib_a-strtod.o)
                0x08002960                _strtod_r
 .text.strtod   0x08003888       0x10 c:/program files (x86)/gnu tools arm embedded/4.9 2015q1/bin/../lib/gcc/arm-none-eabi/4.9.3/../../../../arm-none-eabi/lib/armv7e-m\libg.a(lib_a-strtod.o)
                0x08003888                strtod
 .text._malloc_trim_r
                0x08003898       0x9c c:/program files (x86)/gnu tools arm embedded/4.9 2015q1/bin/../lib/gcc/arm-none-eabi/4.9.3/../../../../arm-none-eabi/lib/armv7e-m\libg.a(lib_a-freer.o)
                0x08003898                _malloc_trim_r
 .text._free_r  0x08003934      0x1b0 c:/program files (x86)/gnu tools arm embedded/4.9 2015q1/bin/../lib/gcc/arm-none-eabi/4.9.3/../../../../arm-none-eabi/lib/armv7e-m\libg.a(lib_a-freer.o)
                0x08003934                _free_r
 .text.rshift   0x08003ae4       0xa0 c:/program files (x86)/gnu tools arm embedded/4.9 2015q1/bin/../lib/gcc/arm-none-eabi/4.9.3/../../../../arm-none-eabi/lib/armv7e-m\libg.a(lib_a-gdtoa-gethex.o)
 .text.__gethex
                0x08003b84      0x514 c:/program files (x86)/gnu tools arm embedded/4.9 2015q1/bin/../lib/gcc/arm-none-eabi/4.9.3/../../../../arm-none-eabi/lib/armv7e-m\libg.a(lib_a-gdtoa-gethex.o)
                0x08003b84                __gethex
 .text.__hexnan
                0x08004098      0x184 c:/program files (x86)/gnu tools arm embedded/4.9 2015q1/bin/../lib/gcc/arm-none-eabi/4.9.3/../../../../arm-none-eabi/lib/armv7e-m\libg.a(lib_a-gdtoa-hexnan.o)
                0x08004098                __hexnan
 .text._localeconv_r
                0x0800421c        0x8 c:/program files (x86)/gnu tools arm embedded/4.9 2015q1/bin/../lib/gcc/arm-none-eabi/4.9.3/../../../../arm-none-eabi/lib/armv7e-m\libg.a(lib_a-locale.o)
                0x0800421c                _localeconv_r
 .text._Balloc  0x08004224       0x4c c:/program files (x86)/gnu tools arm embedded/4.9 2015q1/bin/../lib/gcc/arm-none-eabi/4.9.3/../../../../arm-none-eabi/lib/armv7e-m\libg.a(lib_a-mprec.o)
                0x08004224                _Balloc
 .text._Bfree   0x08004270       0x14 c:/program files (x86)/gnu tools arm embedded/4.9 2015q1/bin/../lib/gcc/arm-none-eabi/4.9.3/../../../../arm-none-eabi/lib/armv7e-m\libg.a(lib_a-mprec.o)
                0x08004270                _Bfree
 .text.__multadd
                0x08004284       0x84 c:/program files (x86)/gnu tools arm embedded/4.9 2015q1/bin/../lib/gcc/arm-none-eabi/4.9.3/../../../../arm-none-eabi/lib/armv7e-m\libg.a(lib_a-mprec.o)
                0x08004284                __multadd
 .text.__s2b    0x08004308       0x98 c:/program files (x86)/gnu tools arm embedded/4.9 2015q1/bin/../lib/gcc/arm-none-eabi/4.9.3/../../../../arm-none-eabi/lib/armv7e-m\libg.a(lib_a-mprec.o)
                0x08004308                __s2b
 .text.__hi0bits
                0x080043a0       0x40 c:/program files (x86)/gnu tools arm embedded/4.9 2015q1/bin/../lib/gcc/arm-none-eabi/4.9.3/../../../../arm-none-eabi/lib/armv7e-m\libg.a(lib_a-mprec.o)
                0x080043a0                __hi0bits
 .text.__lo0bits
                0x080043e0       0x5c c:/program files (x86)/gnu tools arm embedded/4.9 2015q1/bin/../lib/gcc/arm-none-eabi/4.9.3/../../../../arm-none-eabi/lib/armv7e-m\libg.a(lib_a-mprec.o)
                0x080043e0                __lo0bits
 .text.__i2b    0x0800443c       0x14 c:/program files (x86)/gnu tools arm embedded/4.9 2015q1/bin/../lib/gcc/arm-none-eabi/4.9.3/../../../../arm-none-eabi/lib/armv7e-m\libg.a(lib_a-mprec.o)
                0x0800443c                __i2b
 .text.__multiply
                0x08004450      0x134 c:/program files (x86)/gnu tools arm embedded/4.9 2015q1/bin/../lib/gcc/arm-none-eabi/4.9.3/../../../../arm-none-eabi/lib/armv7e-m\libg.a(lib_a-mprec.o)
                0x08004450                __multiply
 .text.__pow5mult
                0x08004584       0xa0 c:/program files (x86)/gnu tools arm embedded/4.9 2015q1/bin/../lib/gcc/arm-none-eabi/4.9.3/../../../../arm-none-eabi/lib/armv7e-m\libg.a(lib_a-mprec.o)
                0x08004584                __pow5mult
 .text.__lshift
                0x08004624       0xac c:/program files (x86)/gnu tools arm embedded/4.9 2015q1/bin/../lib/gcc/arm-none-eabi/4.9.3/../../../../arm-none-eabi/lib/armv7e-m\libg.a(lib_a-mprec.o)
                0x08004624                __lshift
 .text.__mcmp   0x080046d0       0x48 c:/program files (x86)/gnu tools arm embedded/4.9 2015q1/bin/../lib/gcc/arm-none-eabi/4.9.3/../../../../arm-none-eabi/lib/armv7e-m\libg.a(lib_a-mprec.o)
                0x080046d0                __mcmp
 .text.__mdiff  0x08004718       0xd4 c:/program files (x86)/gnu tools arm embedded/4.9 2015q1/bin/../lib/gcc/arm-none-eabi/4.9.3/../../../../arm-none-eabi/lib/armv7e-m\libg.a(lib_a-mprec.o)
                0x08004718                __mdiff
 .text.__ulp    0x080047ec       0x40 c:/program files (x86)/gnu tools arm embedded/4.9 2015q1/bin/../lib/gcc/arm-none-eabi/4.9.3/../../../../arm-none-eabi/lib/armv7e-m\libg.a(lib_a-mprec.o)
                0x080047ec                __ulp
 .text.__b2d    0x0800482c       0xc4 c:/program files (x86)/gnu tools arm embedded/4.9 2015q1/bin/../lib/gcc/arm-none-eabi/4.9.3/../../../../arm-none-eabi/lib/armv7e-m\libg.a(lib_a-mprec.o)
                0x0800482c                __b2d
 .text.__d2b    0x080048f0       0xb8 c:/program files (x86)/gnu tools arm embedded/4.9 2015q1/bin/../lib/gcc/arm-none-eabi/4.9.3/../../../../arm-none-eabi/lib/armv7e-m\libg.a(lib_a-mprec.o)
                0x080048f0                __d2b
 .text.__ratio  0x080049a8       0x58 c:/program files (x86)/gnu tools arm embedded/4.9 2015q1/bin/../lib/gcc/arm-none-eabi/4.9.3/../../../../arm-none-eabi/lib/armv7e-m\libg.a(lib_a-mprec.o)
                0x080049a8                __ratio
 .text.__copybits
                0x08004a00       0x48 c:/program files (x86)/gnu tools arm embedded/4.9 2015q1/bin/../lib/gcc/arm-none-eabi/4.9.3/../../../../arm-none-eabi/lib/armv7e-m\libg.a(lib_a-mprec.o)
                0x08004a00                __copybits
 .text.__any_on
                0x08004a48       0x60 c:/program files (x86)/gnu tools arm embedded/4.9 2015q1/bin/../lib/gcc/arm-none-eabi/4.9.3/../../../../arm-none-eabi/lib/armv7e-m\libg.a(lib_a-mprec.o)
                0x08004a48                __any_on
 .text.strncmp  0x08004aa8       0x98 c:/program files (x86)/gnu tools arm embedded/4.9 2015q1/bin/../lib/gcc/arm-none-eabi/4.9.3/../../../../arm-none-eabi/lib/armv7e-m\libg.a(lib_a-strncmp.o)
                0x08004aa8                strncmp
 .text._calloc_r
                0x08004b40       0x60 c:/program files (x86)/gnu tools arm embedded/4.9 2015q1/bin/../lib/gcc/arm-none-eabi/4.9.3/../../../../arm-none-eabi/lib/armv7e-m\libg.a(lib_a-callocr.o)
                0x08004b40                _calloc_r
 .text          0x08004ba0       0x50 c:/program files (x86)/gnu tools arm embedded/4.9 2015q1/bin/../lib/gcc/arm-none-eabi/4.9.3/armv7e-m\libgcc.a(_arm_fixdfsi.o)
                0x08004ba0                __aeabi_d2iz
                0x08004ba0                __fixdfsi
 *(.init)
 *(.fini)
 *crtbegin.o(.ctors)
 *crtbegin?.o(.ctors)
 *(EXCLUDE_FILE(*crtend.o *crtend?.o) .ctors)
 *(SORT(.ctors.*))
 *(.ctors)
 *crtbegin.o(.dtors)
 *crtbegin?.o(.dtors)
 *(EXCLUDE_FILE(*crtend.o *crtend?.o) .dtors)
 *(SORT(.dtors.*))
 *(.dtors)
 *(.rodata*)
 .rodata.fpinan.5301
                0x08004bf0       0x14 c:/program files (x86)/gnu tools arm embedded/4.9 2015q1/bin/../lib/gcc/arm-none-eabi/4.9.3/../../../../arm-none-eabi/lib/armv7e-m\libg.a(lib_a-strtod.o)
 .rodata.str1.4
                0x08004c04        0xf c:/program files (x86)/gnu tools arm embedded/4.9 2015q1/bin/../lib/gcc/arm-none-eabi/4.9.3/../../../../arm-none-eabi/lib/armv7e-m\libg.a(lib_a-strtod.o)
                                 0x10 (size before relaxing)
 *fill*         0x08004c13        0x1 
 .rodata.fpi.5265
                0x08004c14       0x14 c:/program files (x86)/gnu tools arm embedded/4.9 2015q1/bin/../lib/gcc/arm-none-eabi/4.9.3/../../../../arm-none-eabi/lib/armv7e-m\libg.a(lib_a-strtod.o)
 .rodata.tinytens
                0x08004c28       0x28 c:/program files (x86)/gnu tools arm embedded/4.9 2015q1/bin/../lib/gcc/arm-none-eabi/4.9.3/../../../../arm-none-eabi/lib/armv7e-m\libg.a(lib_a-strtod.o)
 .rodata.__hexdig
                0x08004c50      0x100 c:/program files (x86)/gnu tools arm embedded/4.9 2015q1/bin/../lib/gcc/arm-none-eabi/4.9.3/../../../../arm-none-eabi/lib/armv7e-m\libg.a(lib_a-gdtoa-gethex.o)
                0x08004c50                __hexdig
 .rodata.str1.4
                0x08004d50        0x2 c:/program files (x86)/gnu tools arm embedded/4.9 2015q1/bin/../lib/gcc/arm-none-eabi/4.9.3/../../../../arm-none-eabi/lib/armv7e-m\libg.a(lib_a-impure.o)
                                  0x4 (size before relaxing)
 *fill*         0x08004d52        0x2 
 .rodata.str1.4
                0x08004d54       0x10 c:/program files (x86)/gnu tools arm embedded/4.9 2015q1/bin/../lib/gcc/arm-none-eabi/4.9.3/../../../../arm-none-eabi/lib/armv7e-m\libg.a(lib_a-locale.o)
                                 0x14 (size before relaxing)
 .rodata.p05.5296
                0x08004d64        0xc c:/program files (x86)/gnu tools arm embedded/4.9 2015q1/bin/../lib/gcc/arm-none-eabi/4.9.3/../../../../arm-none-eabi/lib/armv7e-m\libg.a(lib_a-mprec.o)
 .rodata.__mprec_tens
                0x08004d70       0xc8 c:/program files (x86)/gnu tools arm embedded/4.9 2015q1/bin/../lib/gcc/arm-none-eabi/4.9.3/../../../../arm-none-eabi/lib/armv7e-m\libg.a(lib_a-mprec.o)
                0x08004d70                __mprec_tens
 .rodata.__mprec_bigtens
                0x08004e38       0x28 c:/program files (x86)/gnu tools arm embedded/4.9 2015q1/bin/../lib/gcc/arm-none-eabi/4.9.3/../../../../arm-none-eabi/lib/armv7e-m\libg.a(lib_a-mprec.o)
                0x08004e38                __mprec_bigtens
 *(.eh_fram e*)

.glue_7         0x08004e60        0x0
 .glue_7        0x00000000        0x0 linker stubs

.glue_7t        0x08004e60        0x0
 .glue_7t       0x00000000        0x0 linker stubs

.vfp11_veneer   0x08004e60        0x0
 .vfp11_veneer  0x00000000        0x0 linker stubs

.v4_bx          0x08004e60        0x0
 .v4_bx         0x00000000        0x0 linker stubs

.iplt           0x08004e60        0x0
 .iplt          0x00000000        0x0 ..\obj\tm_stm32f4_fatfs.o

.rel.dyn        0x08004e60        0x0
 .rel.iplt      0x00000000        0x0 ..\obj\tm_stm32f4_fatfs.o

.ARM.extab
 *(.ARM.extab* .gnu.linkonce.armextab.*)
                0x08004e60                __exidx_start = .

.ARM.exidx
 *(.ARM.exidx* .gnu.linkonce.armexidx.*)
                0x08004e60                __exidx_end = .
                0x08004e60                __etext = .
                0x08004e60                _sidata = __etext

.data           0x20000000      0x884 load address 0x08004e60
                0x20000000                __data_start__ = .
                0x20000000                _sdata = __data_start__
 *(vtable)
 *(.data*)
 .data          0x20000000       0x10 ..\obj\stm32f4xx_rcc.o
 .data.__malloc_av_
                0x20000010      0x408 c:/program files (x86)/gnu tools arm embedded/4.9 2015q1/bin/../lib/gcc/arm-none-eabi/4.9.3/../../../../arm-none-eabi/lib/armv7e-m\libg.a(lib_a-mallocr.o)
                0x20000010                __malloc_av_
 .data.__malloc_trim_threshold
                0x20000418        0x4 c:/program files (x86)/gnu tools arm embedded/4.9 2015q1/bin/../lib/gcc/arm-none-eabi/4.9.3/../../../../arm-none-eabi/lib/armv7e-m\libg.a(lib_a-mallocr.o)
                0x20000418                __malloc_trim_threshold
 .data.__malloc_sbrk_base
                0x2000041c        0x4 c:/program files (x86)/gnu tools arm embedded/4.9 2015q1/bin/../lib/gcc/arm-none-eabi/4.9.3/../../../../arm-none-eabi/lib/armv7e-m\libg.a(lib_a-mallocr.o)
                0x2000041c                __malloc_sbrk_base
 .data.impure_data
                0x20000420      0x428 c:/program files (x86)/gnu tools arm embedded/4.9 2015q1/bin/../lib/gcc/arm-none-eabi/4.9.3/../../../../arm-none-eabi/lib/armv7e-m\libg.a(lib_a-impure.o)
 .data._impure_ptr
                0x20000848        0x4 c:/program files (x86)/gnu tools arm embedded/4.9 2015q1/bin/../lib/gcc/arm-none-eabi/4.9.3/../../../../arm-none-eabi/lib/armv7e-m\libg.a(lib_a-impure.o)
                0x20000848                _impure_ptr
 .data.lconv    0x2000084c       0x38 c:/program files (x86)/gnu tools arm embedded/4.9 2015q1/bin/../lib/gcc/arm-none-eabi/4.9.3/../../../../arm-none-eabi/lib/armv7e-m\libg.a(lib_a-locale.o)
                0x20000884                . = ALIGN (0x4)
                0x20000884                PROVIDE (__preinit_array_start, .)
 *(.preinit_array)
                0x20000884                PROVIDE (__preinit_array_end, .)
                0x20000884                . = ALIGN (0x4)
                0x20000884                PROVIDE (__init_array_start, .)
 *(SORT(.init_array.*))
 *(.init_array)
                0x20000884                PROVIDE (__init_array_end, .)
                0x20000884                . = ALIGN (0x4)
                0x20000884                PROVIDE (__fini_array_start, .)
 *(SORT(.fini_array.*))
 *(.fini_array)
                0x20000884                PROVIDE (__fini_array_end, .)
 *(.jcr*)
                0x20000884                . = ALIGN (0x4)
                0x20000884                __data_end__ = .
                0x20000884                _edata = __data_end__

.igot.plt       0x20000884        0x0 load address 0x080056e4
 .igot.plt      0x00000000        0x0 ..\obj\tm_stm32f4_fatfs.o

.bss            0x20000888      0x564 load address 0x080056e8
                0x20000888                . = ALIGN (0x4)
                0x20000888                __bss_start__ = .
                0x20000888                _sbss = __bss_start__
 *(.bss*)
 .bss           0x20000888        0x1 ..\obj\PROTOCOLS.o
                0x20000888                shiftedIndex
 *fill*         0x20000889        0x7 
 .bss           0x20000890       0x18 ..\obj\main.o
                0x20000890                encoderPos
                0x20000898                encoderAngle
                0x200008a0                dirA
                0x200008a1                dirB
 .bss           0x200008a8       0x28 ..\obj\tm_stm32f4_delay.o
                0x200008a8                TM_TimingDelay
                0x200008ac                TM_Time
                0x200008b0                TM_Time2
                0x200008b4                TM_DELAY_Initialized
 .bss           0x200008d0       0x48 ..\obj\fatfs_sd_sdio.o
                0x20000908                StopCondition
                0x2000090c                TransferError
                0x20000910                TransferEnd
                0x20000914                DMAEndOfTransfer
 .bss           0x20000918        0x4 ..\obj\syscalls.o
 .bss.__malloc_max_total_mem
                0x2000091c        0x4 c:/program files (x86)/gnu tools arm embedded/4.9 2015q1/bin/../lib/gcc/arm-none-eabi/4.9.3/../../../../arm-none-eabi/lib/armv7e-m\libg.a(lib_a-mallocr.o)
                0x2000091c                __malloc_max_total_mem
 .bss.__malloc_max_sbrked_mem
                0x20000920        0x4 c:/program files (x86)/gnu tools arm embedded/4.9 2015q1/bin/../lib/gcc/arm-none-eabi/4.9.3/../../../../arm-none-eabi/lib/armv7e-m\libg.a(lib_a-mallocr.o)
                0x20000920                __malloc_max_sbrked_mem
 .bss.__malloc_top_pad
                0x20000924        0x4 c:/program files (x86)/gnu tools arm embedded/4.9 2015q1/bin/../lib/gcc/arm-none-eabi/4.9.3/../../../../arm-none-eabi/lib/armv7e-m\libg.a(lib_a-mallocr.o)
                0x20000924                __malloc_top_pad
 .bss.__malloc_current_mallinfo
                0x20000928       0x28 c:/program files (x86)/gnu tools arm embedded/4.9 2015q1/bin/../lib/gcc/arm-none-eabi/4.9.3/../../../../arm-none-eabi/lib/armv7e-m\libg.a(lib_a-mallocr.o)
                0x20000928                __malloc_current_mallinfo
 *(COMMON)
 COMMON         0x20000950      0x498 ..\obj\PROTOCOLS.o
                0x20000950                D
                0x20000954                angleDrone
                0x20000958                lowerD
                0x2000095c                lowerP
                0x20000960                FatFs
                0x20000b94                angleEncoder
                0x20000b98                upperD
                0x20000b9c                pcFrameType
                0x20000ba0                upperI
                0x20000ba4                upperP
                0x20000ba8                receivedData
                0x20000ba9                STATE
                0x20000bac                angleSet
                0x20000bb0                time
                0x20000bb4                frame
                0x20000bb8                I
                0x20000bbc                lowerI
                0x20000bc0                fil
                0x20000de4                P
 COMMON         0x20000de8        0x4 c:/program files (x86)/gnu tools arm embedded/4.9 2015q1/bin/../lib/gcc/arm-none-eabi/4.9.3/../../../../arm-none-eabi/lib/armv7e-m\libg.a(lib_a-reent.o)
                0x20000de8                errno
                0x20000dec                . = ALIGN (0x4)
                0x20000dec                __bss_end__ = .
                0x20000dec                _ebss = __bss_end__

.heap           0x20000dec        0x0
                0x20000dec                __end__ = .
                0x20000dec                _end = __end__
                0x20000dec                end = __end__
 *(.heap*)
                0x20000dec                __HeapLimit = .

.co_stack       0x20000dec      0x804 load address 0x08005c4c
                0x20000df0                . = ALIGN (0x8)
 *fill*         0x20000dec        0x4 
 *(.co_stack .co_stack.*)
 .co_stack      0x20000df0      0x800 ..\obj\startup_stm32f4xx.o
                0x20000df0                pulStack
                0x20020000                __StackTop = (ORIGIN (ram) + 0x20000)
                0x2001f7fc                __StackLimit = (__StackTop - SIZEOF (.co_stack))
                0x20020000                PROVIDE (__stack, __StackTop)
                0x00000001                ASSERT ((__StackLimit >= __HeapLimit), region ram  overflowed with stack)
LOAD ..\obj\tm_stm32f4_fatfs.o
LOAD ..\obj\unicode.o
LOAD ..\obj\stm32f4xx_syscfg.o
LOAD ..\obj\stm32f4xx_sdio.o
LOAD ..\obj\PROTOCOLS.o
LOAD ..\obj\stm32f4xx_usart.o
LOAD ..\obj\diskio.o
LOAD ..\obj\startup_stm32f4xx.o
LOAD ..\obj\main.o
LOAD ..\obj\stm32f4xx_rcc.o
LOAD ..\obj\NVIC.o
LOAD ..\obj\GPIO.o
LOAD ..\obj\fatfs_sd.o
LOAD ..\obj\SD.o
LOAD ..\obj\tm_stm32f4_delay.o
LOAD ..\obj\syscall.o
LOAD ..\obj\tm_stm32f4_spi.o
LOAD ..\obj\fatfs_sd_sdio.o
LOAD ..\obj\EXTI.o
LOAD ..\obj\stm32f4xx_gpio.o
LOAD ..\obj\SOLVER.o
LOAD ..\obj\system_stm32f4xx.o
LOAD ..\obj\syscalls.o
LOAD ..\obj\stm32f4xx_dma.o
LOAD ..\obj\ff.o
LOAD ..\obj\stm32f4xx_spi.o
LOAD ..\obj\stm32f4xx_exti.o
LOAD ..\obj\misc.o
LOAD ..\obj\tm_stm32f4_gpio.o
LOAD ..\obj\tm_stm32f4_timer_properties.o
LOAD ..\obj\USART.o
LOAD ..\obj\stm32f4xx_tim.o
START GROUP
LOAD c:/program files (x86)/gnu tools arm embedded/4.9 2015q1/bin/../lib/gcc/arm-none-eabi/4.9.3/armv7e-m\libgcc.a
LOAD c:/program files (x86)/gnu tools arm embedded/4.9 2015q1/bin/../lib/gcc/arm-none-eabi/4.9.3/../../../../arm-none-eabi/lib/armv7e-m\libg.a
LOAD c:/program files (x86)/gnu tools arm embedded/4.9 2015q1/bin/../lib/gcc/arm-none-eabi/4.9.3/../../../../arm-none-eabi/lib/armv7e-m\libc.a
END GROUP
OUTPUT(LaboratoriumProblemowe.elf elf32-littlearm)

.debug_info     0x00000000     0x860c
 .debug_info    0x00000000      0x26c ..\obj\stm32f4xx_syscfg.o
 .debug_info    0x0000026c      0x7f5 ..\obj\stm32f4xx_sdio.o
 .debug_info    0x00000a61      0x5c5 ..\obj\PROTOCOLS.o
 .debug_info    0x00001026      0x9c2 ..\obj\stm32f4xx_usart.o
 .debug_info    0x000019e8       0xed ..\obj\startup_stm32f4xx.o
 .debug_info    0x00001ad5      0x83c ..\obj\main.o
 .debug_info    0x00002311      0xc4d ..\obj\stm32f4xx_rcc.o
 .debug_info    0x00002f5e      0x5bf ..\obj\NVIC.o
 .debug_info    0x0000351d      0x371 ..\obj\GPIO.o
 .debug_info    0x0000388e      0xa16 ..\obj\tm_stm32f4_delay.o
 .debug_info    0x000042a4     0x1d60 ..\obj\fatfs_sd_sdio.o
 .debug_info    0x00006004      0x198 ..\obj\EXTI.o
 .debug_info    0x0000619c      0x602 ..\obj\stm32f4xx_gpio.o
 .debug_info    0x0000679e      0x129 ..\obj\SOLVER.o
 .debug_info    0x000068c7      0x592 ..\obj\system_stm32f4xx.o
 .debug_info    0x00006e59      0x3ee ..\obj\syscalls.o
 .debug_info    0x00007247      0x739 ..\obj\stm32f4xx_dma.o
 .debug_info    0x00007980      0x347 ..\obj\stm32f4xx_exti.o
 .debug_info    0x00007cc7      0x53d ..\obj\misc.o
 .debug_info    0x00008204      0x408 ..\obj\USART.o

.debug_abbrev   0x00000000     0x1bf1
 .debug_abbrev  0x00000000      0x131 ..\obj\stm32f4xx_syscfg.o
 .debug_abbrev  0x00000131      0x177 ..\obj\stm32f4xx_sdio.o
 .debug_abbrev  0x000002a8      0x16f ..\obj\PROTOCOLS.o
 .debug_abbrev  0x00000417      0x155 ..\obj\stm32f4xx_usart.o
 .debug_abbrev  0x0000056c       0xb0 ..\obj\startup_stm32f4xx.o
 .debug_abbrev  0x0000061c      0x1c2 ..\obj\main.o
 .debug_abbrev  0x000007de      0x1e3 ..\obj\stm32f4xx_rcc.o
 .debug_abbrev  0x000009c1      0x15f ..\obj\NVIC.o
 .debug_abbrev  0x00000b20      0x108 ..\obj\GPIO.o
 .debug_abbrev  0x00000c28      0x2c4 ..\obj\tm_stm32f4_delay.o
 .debug_abbrev  0x00000eec      0x278 ..\obj\fatfs_sd_sdio.o
 .debug_abbrev  0x00001164       0xcb ..\obj\EXTI.o
 .debug_abbrev  0x0000122f      0x1a3 ..\obj\stm32f4xx_gpio.o
 .debug_abbrev  0x000013d2       0x55 ..\obj\SOLVER.o
 .debug_abbrev  0x00001427      0x136 ..\obj\system_stm32f4xx.o
 .debug_abbrev  0x0000155d       0xe2 ..\obj\syscalls.o
 .debug_abbrev  0x0000163f      0x155 ..\obj\stm32f4xx_dma.o
 .debug_abbrev  0x00001794      0x1a5 ..\obj\stm32f4xx_exti.o
 .debug_abbrev  0x00001939      0x145 ..\obj\misc.o
 .debug_abbrev  0x00001a7e      0x173 ..\obj\USART.o

.debug_aranges  0x00000000      0xa40
 .debug_aranges
                0x00000000       0x48 ..\obj\stm32f4xx_syscfg.o
 .debug_aranges
                0x00000048      0x108 ..\obj\stm32f4xx_sdio.o
 .debug_aranges
                0x00000150       0x48 ..\obj\PROTOCOLS.o
 .debug_aranges
                0x00000198      0x100 ..\obj\stm32f4xx_usart.o
 .debug_aranges
                0x00000298       0x28 ..\obj\startup_stm32f4xx.o
 .debug_aranges
                0x000002c0       0x48 ..\obj\main.o
 .debug_aranges
                0x00000308      0x178 ..\obj\stm32f4xx_rcc.o
 .debug_aranges
                0x00000480       0x58 ..\obj\NVIC.o
 .debug_aranges
                0x000004d8       0x48 ..\obj\GPIO.o
 .debug_aranges
                0x00000520       0x80 ..\obj\tm_stm32f4_delay.o
 .debug_aranges
                0x000005a0      0x1a8 ..\obj\fatfs_sd_sdio.o
 .debug_aranges
                0x00000748       0x20 ..\obj\EXTI.o
 .debug_aranges
                0x00000768       0x88 ..\obj\stm32f4xx_gpio.o
 .debug_aranges
                0x000007f0       0x28 ..\obj\SOLVER.o
 .debug_aranges
                0x00000818       0x30 ..\obj\system_stm32f4xx.o
 .debug_aranges
                0x00000848       0x60 ..\obj\syscalls.o
 .debug_aranges
                0x000008a8       0xb0 ..\obj\stm32f4xx_dma.o
 .debug_aranges
                0x00000958       0x58 ..\obj\stm32f4xx_exti.o
 .debug_aranges
                0x000009b0       0x40 ..\obj\misc.o
 .debug_aranges
                0x000009f0       0x50 ..\obj\USART.o

.debug_ranges   0x00000000      0x900
 .debug_ranges  0x00000000       0x38 ..\obj\stm32f4xx_syscfg.o
 .debug_ranges  0x00000038       0xf8 ..\obj\stm32f4xx_sdio.o
 .debug_ranges  0x00000130       0x38 ..\obj\PROTOCOLS.o
 .debug_ranges  0x00000168       0xf0 ..\obj\stm32f4xx_usart.o
 .debug_ranges  0x00000258       0x18 ..\obj\startup_stm32f4xx.o
 .debug_ranges  0x00000270       0x38 ..\obj\main.o
 .debug_ranges  0x000002a8      0x168 ..\obj\stm32f4xx_rcc.o
 .debug_ranges  0x00000410       0x48 ..\obj\NVIC.o
 .debug_ranges  0x00000458       0x38 ..\obj\GPIO.o
 .debug_ranges  0x00000490       0x70 ..\obj\tm_stm32f4_delay.o
 .debug_ranges  0x00000500      0x198 ..\obj\fatfs_sd_sdio.o
 .debug_ranges  0x00000698       0x10 ..\obj\EXTI.o
 .debug_ranges  0x000006a8       0x78 ..\obj\stm32f4xx_gpio.o
 .debug_ranges  0x00000720       0x18 ..\obj\SOLVER.o
 .debug_ranges  0x00000738       0x20 ..\obj\system_stm32f4xx.o
 .debug_ranges  0x00000758       0x50 ..\obj\syscalls.o
 .debug_ranges  0x000007a8       0xa0 ..\obj\stm32f4xx_dma.o
 .debug_ranges  0x00000848       0x48 ..\obj\stm32f4xx_exti.o
 .debug_ranges  0x00000890       0x30 ..\obj\misc.o
 .debug_ranges  0x000008c0       0x40 ..\obj\USART.o

.debug_line     0x00000000     0x44b7
 .debug_line    0x00000000      0x241 ..\obj\stm32f4xx_syscfg.o
 .debug_line    0x00000241      0x477 ..\obj\stm32f4xx_sdio.o
 .debug_line    0x000006b8      0x373 ..\obj\PROTOCOLS.o
 .debug_line    0x00000a2b      0x4d5 ..\obj\stm32f4xx_usart.o
 .debug_line    0x00000f00       0xaa ..\obj\startup_stm32f4xx.o
 .debug_line    0x00000faa      0x390 ..\obj\main.o
 .debug_line    0x0000133a      0x5d4 ..\obj\stm32f4xx_rcc.o
 .debug_line    0x0000190e      0x2b2 ..\obj\NVIC.o
 .debug_line    0x00001bc0      0x296 ..\obj\GPIO.o
 .debug_line    0x00001e56      0x38a ..\obj\tm_stm32f4_delay.o
 .debug_line    0x000021e0      0xcf8 ..\obj\fatfs_sd_sdio.o
 .debug_line    0x00002ed8      0x21e ..\obj\EXTI.o
 .debug_line    0x000030f6      0x376 ..\obj\stm32f4xx_gpio.o
 .debug_line    0x0000346c       0x87 ..\obj\SOLVER.o
 .debug_line    0x000034f3      0x20f ..\obj\system_stm32f4xx.o
 .debug_line    0x00003702      0x181 ..\obj\syscalls.o
 .debug_line    0x00003883      0x40f ..\obj\stm32f4xx_dma.o
 .debug_line    0x00003c92      0x2d8 ..\obj\stm32f4xx_exti.o
 .debug_line    0x00003f6a      0x278 ..\obj\misc.o
 .debug_line    0x000041e2      0x2d5 ..\obj\USART.o

.debug_str      0x00000000     0x3a50
 .debug_str     0x00000000      0x29f ..\obj\stm32f4xx_syscfg.o
                                0x2fd (size before relaxing)
 .debug_str     0x0000029f      0x4a5 ..\obj\stm32f4xx_sdio.o
                                0x649 (size before relaxing)
 .debug_str     0x00000744      0x29e ..\obj\PROTOCOLS.o
                                0x41c (size before relaxing)
 .debug_str     0x000009e2      0x47f ..\obj\stm32f4xx_usart.o
                                0x698 (size before relaxing)
 .debug_str     0x00000e61       0xb9 ..\obj\startup_stm32f4xx.o
                                0x150 (size before relaxing)
 .debug_str     0x00000f1a      0x34a ..\obj\main.o
                                0x7a2 (size before relaxing)
 .debug_str     0x00001264      0x5e6 ..\obj\stm32f4xx_rcc.o
                                0x859 (size before relaxing)
 .debug_str     0x0000184a      0x5ff ..\obj\NVIC.o
                                0x827 (size before relaxing)
 .debug_str     0x00001e49       0xb3 ..\obj\GPIO.o
                                0x383 (size before relaxing)
 .debug_str     0x00001efc      0x28c ..\obj\tm_stm32f4_delay.o
                                0x9c4 (size before relaxing)
 .debug_str     0x00002188      0xf2d ..\obj\fatfs_sd_sdio.o
                               0x19f3 (size before relaxing)
 .debug_str     0x000030b5       0x51 ..\obj\EXTI.o
                                0x28b (size before relaxing)
 .debug_str     0x00003106      0x1a6 ..\obj\stm32f4xx_gpio.o
                                0x4ac (size before relaxing)
 .debug_str     0x000032ac       0x5d ..\obj\SOLVER.o
                                0x138 (size before relaxing)
 .debug_str     0x00003309       0xbd ..\obj\system_stm32f4xx.o
                                0x3b3 (size before relaxing)
 .debug_str     0x000033c6      0x15f ..\obj\syscalls.o
                                0x2f3 (size before relaxing)
 .debug_str     0x00003525      0x255 ..\obj\stm32f4xx_dma.o
                                0x54b (size before relaxing)
 .debug_str     0x0000377a       0xf9 ..\obj\stm32f4xx_exti.o
                                0x362 (size before relaxing)
 .debug_str     0x00003873      0x11c ..\obj\misc.o
                                0x3d7 (size before relaxing)
 .debug_str     0x0000398f       0xc1 ..\obj\USART.o
                                0x37c (size before relaxing)

.comment        0x00000000       0x70
 .comment       0x00000000       0x70 ..\obj\stm32f4xx_syscfg.o
                                 0x71 (size before relaxing)
 .comment       0x00000000       0x71 ..\obj\stm32f4xx_sdio.o
 .comment       0x00000000       0x71 ..\obj\PROTOCOLS.o
 .comment       0x00000000       0x71 ..\obj\stm32f4xx_usart.o
 .comment       0x00000000       0x71 ..\obj\startup_stm32f4xx.o
 .comment       0x00000000       0x71 ..\obj\main.o
 .comment       0x00000000       0x71 ..\obj\stm32f4xx_rcc.o
 .comment       0x00000000       0x71 ..\obj\NVIC.o
 .comment       0x00000000       0x71 ..\obj\GPIO.o
 .comment       0x00000000       0x71 ..\obj\tm_stm32f4_delay.o
 .comment       0x00000000       0x71 ..\obj\fatfs_sd_sdio.o
 .comment       0x00000000       0x71 ..\obj\EXTI.o
 .comment       0x00000000       0x71 ..\obj\stm32f4xx_gpio.o
 .comment       0x00000000       0x71 ..\obj\SOLVER.o
 .comment       0x00000000       0x71 ..\obj\system_stm32f4xx.o
 .comment       0x00000000       0x71 ..\obj\syscalls.o
 .comment       0x00000000       0x71 ..\obj\stm32f4xx_dma.o
 .comment       0x00000000       0x71 ..\obj\stm32f4xx_exti.o
 .comment       0x00000000       0x71 ..\obj\misc.o
 .comment       0x00000000       0x71 ..\obj\USART.o

.ARM.attributes
                0x00000000       0x31
 .ARM.attributes
                0x00000000       0x33 ..\obj\stm32f4xx_syscfg.o
 .ARM.attributes
                0x00000033       0x33 ..\obj\stm32f4xx_sdio.o
 .ARM.attributes
                0x00000066       0x33 ..\obj\PROTOCOLS.o
 .ARM.attributes
                0x00000099       0x33 ..\obj\stm32f4xx_usart.o
 .ARM.attributes
                0x000000cc       0x33 ..\obj\startup_stm32f4xx.o
 .ARM.attributes
                0x000000ff       0x33 ..\obj\main.o
 .ARM.attributes
                0x00000132       0x33 ..\obj\stm32f4xx_rcc.o
 .ARM.attributes
                0x00000165       0x33 ..\obj\NVIC.o
 .ARM.attributes
                0x00000198       0x33 ..\obj\GPIO.o
 .ARM.attributes
                0x000001cb       0x33 ..\obj\tm_stm32f4_delay.o
 .ARM.attributes
                0x000001fe       0x33 ..\obj\fatfs_sd_sdio.o
 .ARM.attributes
                0x00000231       0x33 ..\obj\EXTI.o
 .ARM.attributes
                0x00000264       0x33 ..\obj\stm32f4xx_gpio.o
 .ARM.attributes
                0x00000297       0x33 ..\obj\SOLVER.o
 .ARM.attributes
                0x000002ca       0x33 ..\obj\system_stm32f4xx.o
 .ARM.attributes
                0x000002fd       0x33 ..\obj\syscalls.o
 .ARM.attributes
                0x00000330       0x33 ..\obj\stm32f4xx_dma.o
 .ARM.attributes
                0x00000363       0x33 ..\obj\stm32f4xx_exti.o
 .ARM.attributes
                0x00000396       0x33 ..\obj\misc.o
 .ARM.attributes
                0x000003c9       0x33 ..\obj\USART.o
 .ARM.attributes
                0x000003fc       0x1e c:/program files (x86)/gnu tools arm embedded/4.9 2015q1/bin/../lib/gcc/arm-none-eabi/4.9.3/armv7e-m\libgcc.a(_arm_addsubdf3.o)
 .ARM.attributes
                0x0000041a       0x1e c:/program files (x86)/gnu tools arm embedded/4.9 2015q1/bin/../lib/gcc/arm-none-eabi/4.9.3/armv7e-m\libgcc.a(_arm_muldivdf3.o)
 .ARM.attributes
                0x00000438       0x1e c:/program files (x86)/gnu tools arm embedded/4.9 2015q1/bin/../lib/gcc/arm-none-eabi/4.9.3/armv7e-m\libgcc.a(_arm_cmpdf2.o)
 .ARM.attributes
                0x00000456       0x1e c:/program files (x86)/gnu tools arm embedded/4.9 2015q1/bin/../lib/gcc/arm-none-eabi/4.9.3/armv7e-m\libgcc.a(_arm_fixunsdfsi.o)
 .ARM.attributes
                0x00000474       0x1e c:/program files (x86)/gnu tools arm embedded/4.9 2015q1/bin/../lib/gcc/arm-none-eabi/4.9.3/armv7e-m\libgcc.a(_arm_truncdfsf2.o)
 .ARM.attributes
                0x00000492       0x2e c:/program files (x86)/gnu tools arm embedded/4.9 2015q1/bin/../lib/gcc/arm-none-eabi/4.9.3/../../../../arm-none-eabi/lib/armv7e-m\libg.a(lib_a-atof.o)
 .ARM.attributes
                0x000004c0       0x2e c:/program files (x86)/gnu tools arm embedded/4.9 2015q1/bin/../lib/gcc/arm-none-eabi/4.9.3/../../../../arm-none-eabi/lib/armv7e-m\libg.a(lib_a-mallocr.o)
 .ARM.attributes
                0x000004ee       0x1c c:/program files (x86)/gnu tools arm embedded/4.9 2015q1/bin/../lib/gcc/arm-none-eabi/4.9.3/../../../../arm-none-eabi/lib/armv7e-m\libg.a(lib_a-memcpy.o)
 .ARM.attributes
                0x0000050a       0x2e c:/program files (x86)/gnu tools arm embedded/4.9 2015q1/bin/../lib/gcc/arm-none-eabi/4.9.3/../../../../arm-none-eabi/lib/armv7e-m\libg.a(lib_a-memset.o)
 .ARM.attributes
                0x00000538       0x2e c:/program files (x86)/gnu tools arm embedded/4.9 2015q1/bin/../lib/gcc/arm-none-eabi/4.9.3/../../../../arm-none-eabi/lib/armv7e-m\libg.a(lib_a-mlock.o)
 .ARM.attributes
                0x00000566       0x2e c:/program files (x86)/gnu tools arm embedded/4.9 2015q1/bin/../lib/gcc/arm-none-eabi/4.9.3/../../../../arm-none-eabi/lib/armv7e-m\libg.a(lib_a-sbrkr.o)
 .ARM.attributes
                0x00000594       0x2e c:/program files (x86)/gnu tools arm embedded/4.9 2015q1/bin/../lib/gcc/arm-none-eabi/4.9.3/../../../../arm-none-eabi/lib/armv7e-m\libg.a(lib_a-strlen.o)
 .ARM.attributes
                0x000005c2       0x2e c:/program files (x86)/gnu tools arm embedded/4.9 2015q1/bin/../lib/gcc/arm-none-eabi/4.9.3/../../../../arm-none-eabi/lib/armv7e-m\libg.a(lib_a-strtod.o)
 .ARM.attributes
                0x000005f0       0x2e c:/program files (x86)/gnu tools arm embedded/4.9 2015q1/bin/../lib/gcc/arm-none-eabi/4.9.3/../../../../arm-none-eabi/lib/armv7e-m\libg.a(lib_a-freer.o)
 .ARM.attributes
                0x0000061e       0x2e c:/program files (x86)/gnu tools arm embedded/4.9 2015q1/bin/../lib/gcc/arm-none-eabi/4.9.3/../../../../arm-none-eabi/lib/armv7e-m\libg.a(lib_a-gdtoa-gethex.o)
 .ARM.attributes
                0x0000064c       0x2e c:/program files (x86)/gnu tools arm embedded/4.9 2015q1/bin/../lib/gcc/arm-none-eabi/4.9.3/../../../../arm-none-eabi/lib/armv7e-m\libg.a(lib_a-gdtoa-hexnan.o)
 .ARM.attributes
                0x0000067a       0x2e c:/program files (x86)/gnu tools arm embedded/4.9 2015q1/bin/../lib/gcc/arm-none-eabi/4.9.3/../../../../arm-none-eabi/lib/armv7e-m\libg.a(lib_a-impure.o)
 .ARM.attributes
                0x000006a8       0x2e c:/program files (x86)/gnu tools arm embedded/4.9 2015q1/bin/../lib/gcc/arm-none-eabi/4.9.3/../../../../arm-none-eabi/lib/armv7e-m\libg.a(lib_a-locale.o)
 .ARM.attributes
                0x000006d6       0x2e c:/program files (x86)/gnu tools arm embedded/4.9 2015q1/bin/../lib/gcc/arm-none-eabi/4.9.3/../../../../arm-none-eabi/lib/armv7e-m\libg.a(lib_a-mprec.o)
 .ARM.attributes
                0x00000704       0x2e c:/program files (x86)/gnu tools arm embedded/4.9 2015q1/bin/../lib/gcc/arm-none-eabi/4.9.3/../../../../arm-none-eabi/lib/armv7e-m\libg.a(lib_a-reent.o)
 .ARM.attributes
                0x00000732       0x2e c:/program files (x86)/gnu tools arm embedded/4.9 2015q1/bin/../lib/gcc/arm-none-eabi/4.9.3/../../../../arm-none-eabi/lib/armv7e-m\libg.a(lib_a-strncmp.o)
 .ARM.attributes
                0x00000760       0x2e c:/program files (x86)/gnu tools arm embedded/4.9 2015q1/bin/../lib/gcc/arm-none-eabi/4.9.3/../../../../arm-none-eabi/lib/armv7e-m\libg.a(lib_a-callocr.o)
 .ARM.attributes
                0x0000078e       0x1e c:/program files (x86)/gnu tools arm embedded/4.9 2015q1/bin/../lib/gcc/arm-none-eabi/4.9.3/armv7e-m\libgcc.a(_arm_fixdfsi.o)

.debug_frame    0x00000000     0x2f9c
 .debug_frame   0x00000000       0xf4 ..\obj\stm32f4xx_syscfg.o
 .debug_frame   0x000000f4      0x48c ..\obj\stm32f4xx_sdio.o
 .debug_frame   0x00000580       0xe8 ..\obj\PROTOCOLS.o
 .debug_frame   0x00000668      0x490 ..\obj\stm32f4xx_usart.o
 .debug_frame   0x00000af8       0x4c ..\obj\startup_stm32f4xx.o
 .debug_frame   0x00000b44       0xbc ..\obj\main.o
 .debug_frame   0x00000c00      0x6d4 ..\obj\stm32f4xx_rcc.o
 .debug_frame   0x000012d4      0x12c ..\obj\NVIC.o
 .debug_frame   0x00001400       0xe8 ..\obj\GPIO.o
 .debug_frame   0x000014e8      0x1ec ..\obj\tm_stm32f4_delay.o
 .debug_frame   0x000016d4      0x728 ..\obj\fatfs_sd_sdio.o
 .debug_frame   0x00001dfc       0x34 ..\obj\EXTI.o
 .debug_frame   0x00001e30      0x23c ..\obj\stm32f4xx_gpio.o
 .debug_frame   0x0000206c       0x50 ..\obj\SOLVER.o
 .debug_frame   0x000020bc       0x7c ..\obj\system_stm32f4xx.o
 .debug_frame   0x00002138      0x168 ..\obj\syscalls.o
 .debug_frame   0x000022a0      0x308 ..\obj\stm32f4xx_dma.o
 .debug_frame   0x000025a8      0x148 ..\obj\stm32f4xx_exti.o
 .debug_frame   0x000026f0       0xd8 ..\obj\misc.o
 .debug_frame   0x000027c8      0x114 ..\obj\USART.o
 .debug_frame   0x000028dc       0x20 c:/program files (x86)/gnu tools arm embedded/4.9 2015q1/bin/../lib/gcc/arm-none-eabi/4.9.3/../../../../arm-none-eabi/lib/armv7e-m\libg.a(lib_a-atof.o)
 .debug_frame   0x000028fc       0x58 c:/program files (x86)/gnu tools arm embedded/4.9 2015q1/bin/../lib/gcc/arm-none-eabi/4.9.3/../../../../arm-none-eabi/lib/armv7e-m\libg.a(lib_a-mallocr.o)
 .debug_frame   0x00002954       0x34 c:/program files (x86)/gnu tools arm embedded/4.9 2015q1/bin/../lib/gcc/arm-none-eabi/4.9.3/../../../../arm-none-eabi/lib/armv7e-m\libg.a(lib_a-memset.o)
 .debug_frame   0x00002988       0x30 c:/program files (x86)/gnu tools arm embedded/4.9 2015q1/bin/../lib/gcc/arm-none-eabi/4.9.3/../../../../arm-none-eabi/lib/armv7e-m\libg.a(lib_a-mlock.o)
 .debug_frame   0x000029b8       0x2c c:/program files (x86)/gnu tools arm embedded/4.9 2015q1/bin/../lib/gcc/arm-none-eabi/4.9.3/../../../../arm-none-eabi/lib/armv7e-m\libg.a(lib_a-sbrkr.o)
 .debug_frame   0x000029e4       0x20 c:/program files (x86)/gnu tools arm embedded/4.9 2015q1/bin/../lib/gcc/arm-none-eabi/4.9.3/../../../../arm-none-eabi/lib/armv7e-m\libg.a(lib_a-strlen.o)
 .debug_frame   0x00002a04       0x94 c:/program files (x86)/gnu tools arm embedded/4.9 2015q1/bin/../lib/gcc/arm-none-eabi/4.9.3/../../../../arm-none-eabi/lib/armv7e-m\libg.a(lib_a-strtod.o)
 .debug_frame   0x00002a98       0x74 c:/program files (x86)/gnu tools arm embedded/4.9 2015q1/bin/../lib/gcc/arm-none-eabi/4.9.3/../../../../arm-none-eabi/lib/armv7e-m\libg.a(lib_a-freer.o)
 .debug_frame   0x00002b0c       0x6c c:/program files (x86)/gnu tools arm embedded/4.9 2015q1/bin/../lib/gcc/arm-none-eabi/4.9.3/../../../../arm-none-eabi/lib/armv7e-m\libg.a(lib_a-gdtoa-gethex.o)
 .debug_frame   0x00002b78       0x4c c:/program files (x86)/gnu tools arm embedded/4.9 2015q1/bin/../lib/gcc/arm-none-eabi/4.9.3/../../../../arm-none-eabi/lib/armv7e-m\libg.a(lib_a-gdtoa-hexnan.o)
 .debug_frame   0x00002bc4       0x9c c:/program files (x86)/gnu tools arm embedded/4.9 2015q1/bin/../lib/gcc/arm-none-eabi/4.9.3/../../../../arm-none-eabi/lib/armv7e-m\libg.a(lib_a-locale.o)
 .debug_frame   0x00002c60      0x268 c:/program files (x86)/gnu tools arm embedded/4.9 2015q1/bin/../lib/gcc/arm-none-eabi/4.9.3/../../../../arm-none-eabi/lib/armv7e-m\libg.a(lib_a-mprec.o)
 .debug_frame   0x00002ec8       0x58 c:/program files (x86)/gnu tools arm embedded/4.9 2015q1/bin/../lib/gcc/arm-none-eabi/4.9.3/../../../../arm-none-eabi/lib/armv7e-m\libg.a(lib_a-reent.o)
 .debug_frame   0x00002f20       0x54 c:/program files (x86)/gnu tools arm embedded/4.9 2015q1/bin/../lib/gcc/arm-none-eabi/4.9.3/../../../../arm-none-eabi/lib/armv7e-m\libg.a(lib_a-strncmp.o)
 .debug_frame   0x00002f74       0x28 c:/program files (x86)/gnu tools arm embedded/4.9 2015q1/bin/../lib/gcc/arm-none-eabi/4.9.3/../../../../arm-none-eabi/lib/armv7e-m\libg.a(lib_a-callocr.o)
